<html>
<body>
<pre>
<h1>礦ision Build Log</h1>
<h2>Tool Versions:</h2>
IDE-Version: 礦ision V5.14.0.0
Copyright (C) 2015 ARM Ltd and ARM Germany GmbH. All rights reserved.
License Information: Hang Shen, MS, LIC=ATTTG-VBV3B-SB0EJ-UKW2K-6TJ5W-SE325
 
Tool Versions:
Toolchain:       MDK-ARM Standard  Version: 5.14.0.0
Toolchain Path:  D:\Program Files\Keil\ARM\ARMCC\Bin
C Compiler:      Armcc.exe V5.05 update 1 (build 106)
Assembler:       Armasm.exe V5.05 update 1 (build 106)
Linker/Locator:  ArmLink.exe V5.05 update 1 (build 106)
Library Manager: ArmAr.exe V5.05 update 1 (build 106)
Hex Converter:   FromElf.exe V5.05 update 1 (build 106)
CPU DLL:         SARMCM3.DLL V5.14.0.0
Dialog DLL:      DARMSTM.DLL V1.65.0.0
Target DLL:      Segger\JL2CM3.dll V2.99.13.0
Dialog DLL:      TARMSTM.DLL V1.64.0.0
 
<h2>Project:</h2>
E:\ShenghuiLiuLabFile\Graduate\固定采样周期下位机控制程序-唐心田\USER\main.uvprojx
Project File Date:  05/28/2018

<h2>Output:</h2>
Rebuild target 'Target 1'
compiling main.c...
compiling stm32f10x_it.c...
compiling system_stm32f10x.c...
compiling DEFINE_GPIO.c...
compiling SPI.c...
compiling HC05.c...
compiling ADC.c...
compiling IR_sensor.c...
compiling MAX6675.c...
compiling VOLTAGE_SENSOR.c...
compiling CURRENT_SENSOR.c...
compiling PWM_CAPTURE.c...
compiling X9C104.c...
compiling TIMER.c...
..\MyCode\TIMER.c(216): warning:  #550-D: variable "x" was set but never used
        float x,y;
..\MyCode\TIMER.c(220): warning:  #177-D: variable "p00" was declared but never referenced
        float p00=-127.4;
..\MyCode\TIMER.c(221): warning:  #177-D: variable "p10" was declared but never referenced
    float p10=-0.8885;
..\MyCode\TIMER.c(222): warning:  #177-D: variable "p01" was declared but never referenced
        float p01=1.385;
..\MyCode\TIMER.c(223): warning:  #177-D: variable "p20" was declared but never referenced
        float p20=-0.002076;
..\MyCode\TIMER.c(224): warning:  #177-D: variable "p11" was declared but never referenced
        float p11=0.006823;
..\MyCode\TIMER.c(225): warning:  #177-D: variable "p02" was declared but never referenced
        float p02=-0.3436;
..\MyCode\TIMER.c(226): warning:  #177-D: variable "p21" was declared but never referenced
        float p21=-0.0006911;
..\MyCode\TIMER.c(227): warning:  #177-D: variable "p12" was declared but never referenced
    float p12=-0.07333;
..\MyCode\TIMER.c(228): warning:  #177-D: variable "p03" was declared but never referenced
        float p03=-0.8578;
..\MyCode\TIMER.c(323): warning:  #224-D: the format string requires additional arguments
                                        ,SAMPLEDATA.resistance, SAMPLEDATA.resistance_Ny,SAMPLEDATA.dR1,SAMPLEDATA.dT,tempature_PID.sum_error,pwm_duty,TIM2->CCR4);
..\MyCode\TIMER.c(333): warning:  #223-D: function "srand" declared implicitly
                                {                               srand(sample_count);
..\MyCode\TIMER.c(334): warning:  #223-D: function "rand" declared implicitly
          tempature_control=30+rand()%130;                              
..\MyCode\TIMER.c: 13 warnings, 0 errors
compiling MYIIC.c...
compiling MPU6050.c...
compiling DMA.c...
compiling INA226.c...
compiling PID.c...
compiling Power.c...
compiling Filter.c...
..\MyCode\Filter.c(59): warning:  #177-D: variable "T" was declared but never referenced
        const float T=0.02;
..\MyCode\Filter.c(64): warning:  #177-D: variable "a2" was declared but never referenced
        double a2=0;
..\MyCode\Filter.c(67): warning:  #177-D: variable "b3" was declared but never referenced
        double b3=0;
..\MyCode\Filter.c: 3 warnings, 0 errors
compiling core_cm3.c...
assembling startup_stm32f10x_md.s...
compiling misc.c...
compiling stm32f10x_gpio.c...
compiling stm32f10x_rcc.c...
compiling stm32f10x_usart.c...
compiling stm32f10x_spi.c...
compiling stm32f10x_sdio.c...
compiling stm32f10x_dma.c...
compiling stm32f10x_tim.c...
compiling stm32f10x_adc.c...
compiling delay.c...
compiling sys.c...
compiling usart.c...
linking...
Program Size: Code=34304 RO-data=1120 RW-data=284 ZI-data=3540  
FromELF: creating hex file...
"..\OBJ\main.axf" - 0 Error(s), 16 Warning(s).

<h2>Collection of Component include folders:</h2>
  E:\ShenghuiLiuLabFile\Graduate\固定采样周期下位机控制程序-唐心田\USER\RTE
  D:\Program Files\Keil\ARM\PACK\Keil\STM32F1xx_DFP\1.0.5\Device\Include

<h2>Collection of Component Files used:</h2>
</pre>
</body>
</html>
