Component: ARM Compiler 5.05 update 1 (build 106) Tool: armlink [4d0efa]

==============================================================================

Section Cross References

    main.o(.text) refers to _printf_percent.o(.ARM.Collect$$_printf_percent$$00000000) for _printf_percent
    main.o(.text) refers to _printf_d.o(.ARM.Collect$$_printf_percent$$00000009) for _printf_d
    main.o(.text) refers to _printf_dec.o(.text) for _printf_int_dec
    main.o(.text) refers to _printf_f.o(.ARM.Collect$$_printf_percent$$00000003) for _printf_f
    main.o(.text) refers to printf1.o(x$fpl$printf1) for _printf_fp_dec
    main.o(.text) refers to system_stm32f10x.o(.text) for SystemInit
    main.o(.text) refers to delay.o(.text) for delay_init
    main.o(.text) refers to sys.o(.text) for NVIC_Configuration
    main.o(.text) refers to usart.o(.text) for uart_init
    main.o(.text) refers to dma.o(.text) for MYDMA_Config
    main.o(.text) refers to hc05.o(.text) for HC05_Init
    main.o(.text) refers to adc.o(.text) for Adc_Init
    main.o(.text) refers to max6675.o(.text) for SPI_MAX6675_Init
    main.o(.text) refers to define_gpio.o(.text) for Init_GPIOpin
    main.o(.text) refers to x9c104.o(.text) for X9C104_INIT
    main.o(.text) refers to pwm_capture.o(.text) for TIM3_Cap_Init
    main.o(.text) refers to timer.o(.text) for TIM2_Int_Init
    main.o(.text) refers to myiic.o(.text) for IIC_Init
    main.o(.text) refers to mpu6050.o(.text) for InitMPU6050
    main.o(.text) refers to __2printf.o(.text) for __2printf
    main.o(.text) refers to ina226.o(.text) for InitINA226
    main.o(.text) refers to power.o(.text) for Power_off
    main.o(.text) refers to fflt_clz.o(x$fpl$fflt) for __aeabi_i2f
    main.o(.text) refers to fmul.o(x$fpl$fmul) for __aeabi_fmul
    main.o(.text) refers to faddsub_clz.o(x$fpl$fadd) for __aeabi_fadd
    main.o(.text) refers to fdiv.o(x$fpl$fdiv) for __aeabi_fdiv
    main.o(.text) refers to f2d.o(x$fpl$f2d) for __aeabi_f2d
    main.o(.text) refers to dma.o(.bss) for DMA_PRINTF_BUF
    main.o(.text) refers to usart.o(.data) for USART_RX_STA
    main.o(.text) refers to usart.o(.bss) for USART_RX_BUF
    main.o(.text) refers to timer.o(.data) for system_flag
    main.o(.text) refers to timer.o(.bss) for SAMPLEDATA
    main.o(.text) refers to stm32f10x_tim.o(.text) for TIM_Cmd
    main.o(.text) refers to faddsub_clz.o(x$fpl$fsub) for __aeabi_fsub
    main.o(.text) refers to frleqf.o(x$fpl$frleqf) for __aeabi_cfrcmple
    main.o(.text) refers to pid.o(.text) for incPIDinit
    main.o(.text) refers to feqf.o(x$fpl$feqf) for __aeabi_cfcmpeq
    main.o(.text) refers to ffix.o(x$fpl$ffix) for __aeabi_f2iz
    system_stm32f10x.o(.text) refers to system_stm32f10x.o(.data) for SystemCoreClock
    define_gpio.o(.text) refers to stm32f10x_rcc.o(.text) for RCC_APB2PeriphClockCmd
    define_gpio.o(.text) refers to stm32f10x_gpio.o(.text) for GPIO_Init
    spi.o(.text) refers to stm32f10x_spi.o(.text) for SPI_I2S_GetFlagStatus
    spi.o(.text) refers to stm32f10x_rcc.o(.text) for RCC_APB2PeriphClockCmd
    spi.o(.text) refers to stm32f10x_gpio.o(.text) for GPIO_Init
    hc05.o(.text) refers to _printf_percent.o(.ARM.Collect$$_printf_percent$$00000000) for _printf_percent
    hc05.o(.text) refers to _printf_s.o(.ARM.Collect$$_printf_percent$$00000014) for _printf_s
    hc05.o(.text) refers to _printf_str.o(.text) for _printf_str
    hc05.o(.text) refers to stm32f10x_rcc.o(.text) for RCC_APB2PeriphClockCmd
    hc05.o(.text) refers to stm32f10x_gpio.o(.text) for GPIO_Init
    hc05.o(.text) refers to delay.o(.text) for delay_ms
    hc05.o(.text) refers to __2printf.o(.text) for __2printf
    hc05.o(.text) refers to usart.o(.data) for USART_RX_STA
    hc05.o(.text) refers to usart.o(.bss) for USART_RX_BUF
    adc.o(.text) refers to stm32f10x_rcc.o(.text) for RCC_APB2PeriphClockCmd
    adc.o(.text) refers to stm32f10x_gpio.o(.text) for GPIO_Init
    adc.o(.text) refers to stm32f10x_adc.o(.text) for ADC_DeInit
    adc.o(.text) refers to delay.o(.text) for delay_ms
    ir_sensor.o(.text) refers to adc.o(.text) for Get_Adc
    ir_sensor.o(.text) refers to fflt_clz.o(x$fpl$ffltu) for __aeabi_ui2f
    ir_sensor.o(.text) refers to f2d.o(x$fpl$f2d) for __aeabi_f2d
    ir_sensor.o(.text) refers to dmul.o(x$fpl$dmul) for __aeabi_dmul
    ir_sensor.o(.text) refers to d2f.o(x$fpl$d2f) for __aeabi_d2f
    ir_sensor.o(.text) refers to ir_sensor.o(.bss) for IR_SAMPLE_VALUE
    max6675.o(.text) refers to stm32f10x_rcc.o(.text) for RCC_APB2PeriphClockCmd
    max6675.o(.text) refers to stm32f10x_gpio.o(.text) for GPIO_Init
    max6675.o(.text) refers to stm32f10x_spi.o(.text) for SPI_Init
    max6675.o(.text) refers to dflt_clz.o(x$fpl$dfltu) for __aeabi_ui2d
    max6675.o(.text) refers to dmul.o(x$fpl$dmul) for __aeabi_dmul
    max6675.o(.text) refers to d2f.o(x$fpl$d2f) for __aeabi_d2f
    max6675.o(.text) refers to __2printf.o(.text) for __2printf
    voltage_sensor.o(.text) refers to adc.o(.text) for Get_Adc
[...]
    HC05_Init                                0x08000c25   Thumb Code    82  hc05.o(.text)
    HC05_Get_Role                            0x08000c77   Thumb Code   124  hc05.o(.text)
    HC05_Set_Cmd                             0x08000cf3   Thumb Code   126  hc05.o(.text)
    Adc_Init                                 0x08000d99   Thumb Code   132  adc.o(.text)
    Get_Adc                                  0x08000e1d   Thumb Code    46  adc.o(.text)
    Get_Adc_Average                          0x08000e4b   Thumb Code    46  adc.o(.text)
    SPI_MAX6675_Init                         0x08000e81   Thumb Code   148  max6675.o(.text)
    MAX6675_ReadByte                         0x08000f15   Thumb Code    48  max6675.o(.text)
    Get_MAX6675_TEMPRATURE                   0x08000f45   Thumb Code   110  max6675.o(.text)
    TIM3_Cap_Init                            0x08001001   Thumb Code   156  pwm_capture.o(.text)
    TIM4_Cap_Init                            0x0800109d   Thumb Code   156  pwm_capture.o(.text)
    TIM3_IRQHandler                          0x08001139   Thumb Code   250  pwm_capture.o(.text)
    TIM4_IRQHandler                          0x08001233   Thumb Code   250  pwm_capture.o(.text)
    Get_MR_DISTANCE                          0x0800132d   Thumb Code    30  pwm_capture.o(.text)
    MR_DISTANCE_calibration                  0x0800134b   Thumb Code    20  pwm_capture.o(.text)
    X9C104_INIT                              0x08001399   Thumb Code   108  x9c104.o(.text)
    X9C104_DOWN                              0x08001405   Thumb Code    36  x9c104.o(.text)
    X9C104_UP                                0x08001429   Thumb Code    40  x9c104.o(.text)
    TIM1_Int_Init                            0x08001465   Thumb Code    84  timer.o(.text)
    TIM2_Int_Init                            0x080014b9   Thumb Code   154  timer.o(.text)
    Get_sampledata                           0x08001553   Thumb Code   486  timer.o(.text)
    TIM2_IRQHandler                          0x08001739   Thumb Code   616  timer.o(.text)
    Init_sampledata                          0x080019a1   Thumb Code    24  timer.o(.text)
    Calibration                              0x080019b9   Thumb Code   104  timer.o(.text)
    TIM1_UP_IRQHandler                       0x08001a21   Thumb Code   692  timer.o(.text)
    IIC_Init                                 0x08001d9d   Thumb Code    58  myiic.o(.text)
    IIC_Start                                0x08001dd7   Thumb Code    66  myiic.o(.text)
    IIC_Stop                                 0x08001e19   Thumb Code    58  myiic.o(.text)
    IIC_Wait_Ack                             0x08001e53   Thumb Code   114  myiic.o(.text)
    IIC_Ack                                  0x08001ec5   Thumb Code    70  myiic.o(.text)
    IIC_NAck                                 0x08001f0b   Thumb Code    68  myiic.o(.text)
    IIC_Send_Byte                            0x08001f4f   Thumb Code    86  myiic.o(.text)
    IIC_Read_Byte                            0x08001fa5   Thumb Code    94  myiic.o(.text)
    MPUWriteReg                              0x08002011   Thumb Code    42  mpu6050.o(.text)
    MPUReadReg                               0x0800203b   Thumb Code    54  mpu6050.o(.text)
    InitMPU6050                              0x08002071   Thumb Code    96  mpu6050.o(.text)
    MPU_ReadTwoByte                          0x080020d1   Thumb Code    38  mpu6050.o(.text)
    MpuGetData                               0x080020f7   Thumb Code    62  mpu6050.o(.text)
    MYDMA_Config                             0x08002135   Thumb Code    92  dma.o(.text)
    MYDMA_Enable                             0x08002191   Thumb Code    32  dma.o(.text)
    DMA1_Channel4_IRQHandler                 0x080021b1   Thumb Code    30  dma.o(.text)
    DMA_printf                               0x080021cf   Thumb Code    44  dma.o(.text)
    INAWriteReg                              0x0800220d   Thumb Code    56  ina226.o(.text)
    INAReadReg                               0x08002245   Thumb Code    66  ina226.o(.text)
    InitINA226                               0x08002287   Thumb Code    80  ina226.o(.text)
    INA226GetData                            0x080022d7   Thumb Code   326  ina226.o(.text)
    incPIDinit                               0x08002449   Thumb Code    18  pid.o(.text)
    PID_setpoint                             0x0800245b   Thumb Code     4  pid.o(.text)
    PID_set                                  0x0800245f   Thumb Code    58  pid.o(.text)
    incPIDcalc                               0x08002499   Thumb Code   110  pid.o(.text)
    Power_on                                 0x08002509   Thumb Code    66  power.o(.text)
    Power_off                                0x0800254b   Thumb Code    66  power.o(.text)
    Power_u                                  0x0800258d   Thumb Code   246  power.o(.text)
    Power_i                                  0x08002683   Thumb Code   246  power.o(.text)
    LowPass                                  0x080027a1   Thumb Code    96  filter.o(.text)
    LowPass2nd                               0x08002801   Thumb Code   358  filter.o(.text)
    LowPassID                                0x08002967   Thumb Code   292  filter.o(.text)
    huadong                                  0x08002a8b   Thumb Code    82  filter.o(.text)
    Reset_Handler                            0x08002b39   Thumb Code     8  startup_stm32f10x_md.o(.text)
    SysTick_Handler                          0x08002b51   Thumb Code     2  startup_stm32f10x_md.o(.text)
    ADC1_2_IRQHandler                        0x08002b53   Thumb Code     0  startup_stm32f10x_md.o(.text)
    CAN1_RX1_IRQHandler                      0x08002b53   Thumb Code     0  startup_stm32f10x_md.o(.text)
    CAN1_SCE_IRQHandler                      0x08002b53   Thumb Code     0  startup_stm32f10x_md.o(.text)
    DMA1_Channel1_IRQHandler                 0x08002b53   Thumb Code     0  startup_stm32f10x_md.o(.text)
    DMA1_Channel2_IRQHandler                 0x08002b53   Thumb Code     0  startup_stm32f10x_md.o(.text)
    DMA1_Channel3_IRQHandler                 0x08002b53   Thumb Code     0  startup_stm32f10x_md.o(.text)
    DMA1_Channel5_IRQHandler                 0x08002b53   Thumb Code     0  startup_stm32f10x_md.o(.text)
    DMA1_Channel6_IRQHandler                 0x08002b53   Thumb Code     0  startup_stm32f10x_md.o(.text)
    DMA1_Channel7_IRQHandler                 0x08002b53   Thumb Code     0  startup_stm32f10x_md.o(.text)
    EXTI0_IRQHandler                         0x08002b53   Thumb Code     0  startup_stm32f10x_md.o(.text)
    EXTI15_10_IRQHandler                     0x08002b53   Thumb Code     0  startup_stm32f10x_md.o(.text)
    EXTI1_IRQHandler                         0x08002b53   Thumb Code     0  startup_stm32f10x_md.o(.text)
    EXTI2_IRQHandler                         0x08002b53   Thumb Code     0  startup_stm32f10x_md.o(.text)
    EXTI3_IRQHandler                         0x08002b53   Thumb Code     0  startup_stm32f10x_md.o(.text)
    EXTI4_IRQHandler                         0x08002b53   Thumb Code     0  startup_stm32f10x_md.o(.text)
    EXTI9_5_IRQHandler                       0x08002b53   Thumb Code     0  startup_stm32f10x_md.o(.text)
    FLASH_IRQHandler                         0x08002b53   Thumb Code     0  startup_stm32f10x_md.o(.text)
    I2C1_ER_IRQHandler                       0x08002b53   Thumb Code     0  startup_stm32f10x_md.o(.text)
    I2C1_EV_IRQHandler                       0x08002b53   Thumb Code     0  startup_stm32f10x_md.o(.text)
    I2C2_ER_IRQHandler                       0x08002b53   Thumb Code     0  startup_stm32f10x_md.o(.text)
    I2C2_EV_IRQHandler                       0x08002b53   Thumb Code     0  startup_stm32f10x_md.o(.text)
    PVD_IRQHandler                           0x08002b53   Thumb Code     0  startup_stm32f10x_md.o(.text)
    RCC_IRQHandler                           0x08002b53   Thumb Code     0  startup_stm32f10x_md.o(.text)
    RTCAlarm_IRQHandler                      0x08002b53   Thumb Code     0  startup_stm32f10x_md.o(.text)
    RTC_IRQHandler                           0x08002b53   Thumb Code     0  startup_stm32f10x_md.o(.text)
    SPI1_IRQHandler                          0x08002b53   Thumb Code     0  startup_stm32f10x_md.o(.text)
    SPI2_IRQHandler                          0x08002b53   Thumb Code     0  startup_stm32f10x_md.o(.text)
    TAMPER_IRQHandler                        0x08002b53   Thumb Code     0  startup_stm32f10x_md.o(.text)
    TIM1_BRK_IRQHandler                      0x08002b53   Thumb Code     0  startup_stm32f10x_md.o(.text)
    TIM1_CC_IRQHandler                       0x08002b53   Thumb Code     0  startup_stm32f10x_md.o(.text)
    TIM1_TRG_COM_IRQHandler                  0x08002b53   Thumb Code     0  startup_stm32f10x_md.o(.text)
    USART2_IRQHandler                        0x08002b53   Thumb Code     0  startup_stm32f10x_md.o(.text)
    USBWakeUp_IRQHandler                     0x08002b53   Thumb Code     0  startup_stm32f10x_md.o(.text)
    USB_HP_CAN1_TX_IRQHandler                0x08002b53   Thumb Code     0  startup_stm32f10x_md.o(.text)
    USB_LP_CAN1_RX0_IRQHandler               0x08002b53   Thumb Code     0  startup_stm32f10x_md.o(.text)
    WWDG_IRQHandler                          0x08002b53   Thumb Code     0  startup_stm32f10x_md.o(.text)
    __user_initial_stackheap                 0x08002b55   Thumb Code     0  startup_stm32f10x_md.o(.text)
    NVIC_PriorityGroupConfig                 0x08002b79   Thumb Code    10  misc.o(.text)
    NVIC_Init                                0x08002b83   Thumb Code   100  misc.o(.text)
    NVIC_SetVectorTable                      0x08002be7   Thumb Code    14  misc.o(.text)
    NVIC_SystemLPConfig                      0x08002bf5   Thumb Code    34  misc.o(.text)
    SysTick_CLKSourceConfig                  0x08002c17   Thumb Code    40  misc.o(.text)
    GPIO_DeInit                              0x08002c55   Thumb Code   172  stm32f10x_gpio.o(.text)
    GPIO_AFIODeInit                          0x08002d01   Thumb Code    20  stm32f10x_gpio.o(.text)
    GPIO_Init                                0x08002d15   Thumb Code   278  stm32f10x_gpio.o(.text)
    GPIO_StructInit                          0x08002e2b   Thumb Code    16  stm32f10x_gpio.o(.text)
    GPIO_ReadInputDataBit                    0x08002e3b   Thumb Code    18  stm32f10x_gpio.o(.text)
    GPIO_ReadInputData                       0x08002e4d   Thumb Code     8  stm32f10x_gpio.o(.text)
    GPIO_ReadOutputDataBit                   0x08002e55   Thumb Code    18  stm32f10x_gpio.o(.text)
    GPIO_ReadOutputData                      0x08002e67   Thumb Code     8  stm32f10x_gpio.o(.text)
    GPIO_SetBits                             0x08002e6f   Thumb Code     4  stm32f10x_gpio.o(.text)
    GPIO_ResetBits                           0x08002e73   Thumb Code     4  stm32f10x_gpio.o(.text)
    GPIO_WriteBit                            0x08002e77   Thumb Code    10  stm32f10x_gpio.o(.text)
    GPIO_Write                               0x08002e81   Thumb Code     4  stm32f10x_gpio.o(.text)
    GPIO_PinLockConfig                       0x08002e85   Thumb Code    18  stm32f10x_gpio.o(.text)
    GPIO_EventOutputConfig                   0x08002e97   Thumb Code    26  stm32f10x_gpio.o(.text)
    GPIO_EventOutputCmd                      0x08002eb1   Thumb Code     6  stm32f10x_gpio.o(.text)
    GPIO_PinRemapConfig                      0x08002eb7   Thumb Code   138  stm32f10x_gpio.o(.text)
    GPIO_EXTILineConfig                      0x08002f41   Thumb Code    66  stm32f10x_gpio.o(.text)
    GPIO_ETH_MediaInterfaceConfig            0x08002f83   Thumb Code     8  stm32f10x_gpio.o(.text)
    RCC_DeInit                               0x08002fb1   Thumb Code    64  stm32f10x_rcc.o(.text)
    RCC_HSEConfig                            0x08002ff1   Thumb Code    70  stm32f10x_rcc.o(.text)
    RCC_GetFlagStatus                        0x08003037   Thumb Code    56  stm32f10x_rcc.o(.text)
    RCC_WaitForHSEStartUp                    0x0800306f   Thumb Code    56  stm32f10x_rcc.o(.text)
    RCC_AdjustHSICalibrationValue            0x080030a7   Thumb Code    20  stm32f10x_rcc.o(.text)
    RCC_HSICmd                               0x080030bb   Thumb Code     6  stm32f10x_rcc.o(.text)
    RCC_PLLConfig                            0x080030c1   Thumb Code    24  stm32f10x_rcc.o(.text)
    RCC_PLLCmd                               0x080030d9   Thumb Code     6  stm32f10x_rcc.o(.text)
    RCC_SYSCLKConfig                         0x080030df   Thumb Code    18  stm32f10x_rcc.o(.text)
    RCC_GetSYSCLKSource                      0x080030f1   Thumb Code    10  stm32f10x_rcc.o(.text)
    RCC_HCLKConfig                           0x080030fb   Thumb Code    18  stm32f10x_rcc.o(.text)
    RCC_PCLK1Config                          0x0800310d   Thumb Code    18  stm32f10x_rcc.o(.text)
    RCC_PCLK2Config                          0x0800311f   Thumb Code    20  stm32f10x_rcc.o(.text)
    RCC_ITConfig                             0x08003133   Thumb Code    26  stm32f10x_rcc.o(.text)
    RCC_USBCLKConfig                         0x0800314d   Thumb Code     8  stm32f10x_rcc.o(.text)
    RCC_ADCCLKConfig                         0x08003155   Thumb Code    18  stm32f10x_rcc.o(.text)
    RCC_LSEConfig                            0x08003167   Thumb Code    50  stm32f10x_rcc.o(.text)
    RCC_LSICmd                               0x08003199   Thumb Code     6  stm32f10x_rcc.o(.text)
    RCC_RTCCLKConfig                         0x0800319f   Thumb Code    12  stm32f10x_rcc.o(.text)
    RCC_RTCCLKCmd                            0x080031ab   Thumb Code     8  stm32f10x_rcc.o(.text)
    RCC_GetClocksFreq                        0x080031b3   Thumb Code   192  stm32f10x_rcc.o(.text)
    RCC_AHBPeriphClockCmd                    0x08003273   Thumb Code    26  stm32f10x_rcc.o(.text)
    RCC_APB2PeriphClockCmd                   0x0800328d   Thumb Code    26  stm32f10x_rcc.o(.text)
    RCC_APB1PeriphClockCmd                   0x080032a7   Thumb Code    26  stm32f10x_rcc.o(.text)
    RCC_APB2PeriphResetCmd                   0x080032c1   Thumb Code    26  stm32f10x_rcc.o(.text)
    RCC_APB1PeriphResetCmd                   0x080032db   Thumb Code    26  stm32f10x_rcc.o(.text)
    RCC_BackupResetCmd                       0x080032f5   Thumb Code     8  stm32f10x_rcc.o(.text)
    RCC_ClockSecuritySystemCmd               0x080032fd   Thumb Code     6  stm32f10x_rcc.o(.text)
    RCC_MCOConfig                            0x08003303   Thumb Code     6  stm32f10x_rcc.o(.text)
    RCC_ClearFlag                            0x08003309   Thumb Code    14  stm32f10x_rcc.o(.text)
    RCC_GetITStatus                          0x08003317   Thumb Code    20  stm32f10x_rcc.o(.text)
    RCC_ClearITPendingBit                    0x0800332b   Thumb Code     6  stm32f10x_rcc.o(.text)
    USART_DeInit                             0x08003355   Thumb Code   134  stm32f10x_usart.o(.text)
    USART_Init                               0x080033db   Thumb Code   210  stm32f10x_usart.o(.text)
    USART_StructInit                         0x080034ad   Thumb Code    24  stm32f10x_usart.o(.text)
    USART_ClockInit                          0x080034c5   Thumb Code    34  stm32f10x_usart.o(.text)
    USART_ClockStructInit                    0x080034e7   Thumb Code    12  stm32f10x_usart.o(.text)
    USART_Cmd                                0x080034f3   Thumb Code    24  stm32f10x_usart.o(.text)
    USART_ITConfig                           0x0800350b   Thumb Code    74  stm32f10x_usart.o(.text)
    USART_DMACmd                             0x08003555   Thumb Code    18  stm32f10x_usart.o(.text)
    USART_SetAddress                         0x08003567   Thumb Code    18  stm32f10x_usart.o(.text)
    USART_WakeUpConfig                       0x08003579   Thumb Code    18  stm32f10x_usart.o(.text)
    USART_ReceiverWakeUpCmd                  0x0800358b   Thumb Code    24  stm32f10x_usart.o(.text)
    USART_LINBreakDetectLengthConfig         0x080035a3   Thumb Code    18  stm32f10x_usart.o(.text)
    USART_LINCmd                             0x080035b5   Thumb Code    24  stm32f10x_usart.o(.text)
    USART_SendData                           0x080035cd   Thumb Code     8  stm32f10x_usart.o(.text)
    USART_ReceiveData                        0x080035d5   Thumb Code    10  stm32f10x_usart.o(.text)
    USART_SendBreak                          0x080035df   Thumb Code    10  stm32f10x_usart.o(.text)
    USART_SetGuardTime                       0x080035e9   Thumb Code    16  stm32f10x_usart.o(.text)
    USART_SetPrescaler                       0x080035f9   Thumb Code    16  stm32f10x_usart.o(.text)
    USART_SmartCardCmd                       0x08003609   Thumb Code    24  stm32f10x_usart.o(.text)
    USART_SmartCardNACKCmd                   0x08003621   Thumb Code    24  stm32f10x_usart.o(.text)
    USART_HalfDuplexCmd                      0x08003639   Thumb Code    24  stm32f10x_usart.o(.text)
    USART_OverSampling8Cmd                   0x08003651   Thumb Code    22  stm32f10x_usart.o(.text)
    USART_OneBitMethodCmd                    0x08003667   Thumb Code    24  stm32f10x_usart.o(.text)
    USART_IrDAConfig                         0x0800367f   Thumb Code    18  stm32f10x_usart.o(.text)
    USART_IrDACmd                            0x08003691   Thumb Code    24  stm32f10x_usart.o(.text)
    USART_GetFlagStatus                      0x080036a9   Thumb Code    26  stm32f10x_usart.o(.text)
    USART_ClearFlag                          0x080036c3   Thumb Code    18  stm32f10x_usart.o(.text)
    USART_GetITStatus                        0x080036d5   Thumb Code    84  stm32f10x_usart.o(.text)
    USART_ClearITPendingBit                  0x08003729   Thumb Code    52  stm32f10x_usart.o(.text)
    SPI_I2S_DeInit                           0x0800375d   Thumb Code    76  stm32f10x_spi.o(.text)
    SPI_Init                                 0x080037a9   Thumb Code    60  stm32f10x_spi.o(.text)
    I2S_Init                                 0x080037e5   Thumb Code   226  stm32f10x_spi.o(.text)
    SPI_StructInit                           0x080038c7   Thumb Code    24  stm32f10x_spi.o(.text)
    I2S_StructInit                           0x080038df   Thumb Code    20  stm32f10x_spi.o(.text)
    SPI_Cmd                                  0x080038f3   Thumb Code    24  stm32f10x_spi.o(.text)
    I2S_Cmd                                  0x0800390b   Thumb Code    24  stm32f10x_spi.o(.text)
    SPI_I2S_ITConfig                         0x08003923   Thumb Code    32  stm32f10x_spi.o(.text)
    SPI_I2S_DMACmd                           0x08003943   Thumb Code    18  stm32f10x_spi.o(.text)
    SPI_I2S_SendData                         0x08003955   Thumb Code     4  stm32f10x_spi.o(.text)
    SPI_I2S_ReceiveData                      0x08003959   Thumb Code     6  stm32f10x_spi.o(.text)
    SPI_NSSInternalSoftwareConfig            0x0800395f   Thumb Code    30  stm32f10x_spi.o(.text)
    SPI_SSOutputCmd                          0x0800397d   Thumb Code    24  stm32f10x_spi.o(.text)
    SPI_DataSizeConfig                       0x08003995   Thumb Code    18  stm32f10x_spi.o(.text)
    SPI_TransmitCRC                          0x080039a7   Thumb Code    10  stm32f10x_spi.o(.text)
    SPI_CalculateCRC                         0x080039b1   Thumb Code    24  stm32f10x_spi.o(.text)
    SPI_GetCRC                               0x080039c9   Thumb Code    16  stm32f10x_spi.o(.text)
    SPI_GetCRCPolynomial                     0x080039d9   Thumb Code     6  stm32f10x_spi.o(.text)
    SPI_BiDirectionalLineConfig              0x080039df   Thumb Code    28  stm32f10x_spi.o(.text)
    SPI_I2S_GetFlagStatus                    0x080039fb   Thumb Code    18  stm32f10x_spi.o(.text)
    SPI_I2S_ClearFlag                        0x08003a0d   Thumb Code     6  stm32f10x_spi.o(.text)
    SPI_I2S_GetITStatus                      0x08003a13   Thumb Code    52  stm32f10x_spi.o(.text)
    SPI_I2S_ClearITPendingBit                0x08003a47   Thumb Code    20  stm32f10x_spi.o(.text)
    DMA_DeInit                               0x08003a69   Thumb Code   324  stm32f10x_dma.o(.text)
    DMA_Init                                 0x08003bad   Thumb Code    60  stm32f10x_dma.o(.text)
    DMA_StructInit                           0x08003be9   Thumb Code    26  stm32f10x_dma.o(.text)
    DMA_Cmd                                  0x08003c03   Thumb Code    24  stm32f10x_dma.o(.text)
    DMA_ITConfig                             0x08003c1b   Thumb Code    18  stm32f10x_dma.o(.text)
    DMA_SetCurrDataCounter                   0x08003c2d   Thumb Code     4  stm32f10x_dma.o(.text)
    DMA_GetCurrDataCounter                   0x08003c31   Thumb Code     8  stm32f10x_dma.o(.text)
    DMA_GetFlagStatus                        0x08003c39   Thumb Code    40  stm32f10x_dma.o(.text)
    DMA_ClearFlag                            0x08003c61   Thumb Code    22  stm32f10x_dma.o(.text)
    DMA_GetITStatus                          0x08003c77   Thumb Code    40  stm32f10x_dma.o(.text)
    DMA_ClearITPendingBit                    0x08003c9f   Thumb Code    22  stm32f10x_dma.o(.text)
    TIM_DeInit                               0x08003cbd   Thumb Code   424  stm32f10x_tim.o(.text)
    TIM_TimeBaseInit                         0x08003e65   Thumb Code   122  stm32f10x_tim.o(.text)
    TIM_OC1Init                              0x08003edf   Thumb Code   132  stm32f10x_tim.o(.text)
    TIM_OC2Init                              0x08003f63   Thumb Code   154  stm32f10x_tim.o(.text)
    TIM_OC3Init                              0x08003ffd   Thumb Code   150  stm32f10x_tim.o(.text)
    TIM_OC4Init                              0x08004093   Thumb Code   182  stm32f10x_tim.o(.text)
    TIM_SetIC4Prescaler                      0x08004149   Thumb Code    26  stm32f10x_tim.o(.text)
    TIM_SetIC3Prescaler                      0x080041e5   Thumb Code    18  stm32f10x_tim.o(.text)
    TIM_SetIC2Prescaler                      0x08004271   Thumb Code    26  stm32f10x_tim.o(.text)
    TIM_SetIC1Prescaler                      0x0800430d   Thumb Code    18  stm32f10x_tim.o(.text)
    TIM_ICInit                               0x0800438b   Thumb Code   150  stm32f10x_tim.o(.text)
    TIM_PWMIConfig                           0x08004421   Thumb Code   124  stm32f10x_tim.o(.text)
    TIM_BDTRConfig                           0x0800449d   Thumb Code    32  stm32f10x_tim.o(.text)
    TIM_TimeBaseStructInit                   0x080044bd   Thumb Code    18  stm32f10x_tim.o(.text)
    TIM_OCStructInit                         0x080044cf   Thumb Code    20  stm32f10x_tim.o(.text)
    TIM_ICStructInit                         0x080044e3   Thumb Code    18  stm32f10x_tim.o(.text)
    TIM_BDTRStructInit                       0x080044f5   Thumb Code    40  stm32f10x_tim.o(.text)
    TIM_Cmd                                  0x0800451d   Thumb Code    24  stm32f10x_tim.o(.text)
    TIM_CtrlPWMOutputs                       0x08004535   Thumb Code    30  stm32f10x_tim.o(.text)
    TIM_ITConfig                             0x08004553   Thumb Code    18  stm32f10x_tim.o(.text)
    TIM_GenerateEvent                        0x08004565   Thumb Code     4  stm32f10x_tim.o(.text)
    TIM_DMAConfig                            0x08004569   Thumb Code    10  stm32f10x_tim.o(.text)
    TIM_DMACmd                               0x08004573   Thumb Code    18  stm32f10x_tim.o(.text)
    TIM_InternalClockConfig                  0x08004585   Thumb Code    12  stm32f10x_tim.o(.text)
    TIM_SelectInputTrigger                   0x08004591   Thumb Code    18  stm32f10x_tim.o(.text)
    TIM_ITRxExternalClockConfig              0x080045a3   Thumb Code    24  stm32f10x_tim.o(.text)
    TIM_TIxExternalClockConfig               0x080045bb   Thumb Code    62  stm32f10x_tim.o(.text)
    TIM_ETRConfig                            0x080045f9   Thumb Code    28  stm32f10x_tim.o(.text)
    TIM_ETRClockMode1Config                  0x08004615   Thumb Code    54  stm32f10x_tim.o(.text)
    TIM_ETRClockMode2Config                  0x0800464b   Thumb Code    32  stm32f10x_tim.o(.text)
    TIM_PrescalerConfig                      0x0800466b   Thumb Code     6  stm32f10x_tim.o(.text)
    TIM_CounterModeConfig                    0x08004671   Thumb Code    18  stm32f10x_tim.o(.text)
    TIM_EncoderInterfaceConfig               0x08004683   Thumb Code    66  stm32f10x_tim.o(.text)
    TIM_ForcedOC1Config                      0x080046c5   Thumb Code    18  stm32f10x_tim.o(.text)
    TIM_ForcedOC2Config                      0x080046d7   Thumb Code    26  stm32f10x_tim.o(.text)
    TIM_ForcedOC3Config                      0x080046f1   Thumb Code    18  stm32f10x_tim.o(.text)
    TIM_ForcedOC4Config                      0x08004703   Thumb Code    26  stm32f10x_tim.o(.text)
    TIM_ARRPreloadConfig                     0x0800471d   Thumb Code    24  stm32f10x_tim.o(.text)
    TIM_SelectCOM                            0x08004735   Thumb Code    24  stm32f10x_tim.o(.text)
    TIM_SelectCCDMA                          0x0800474d   Thumb Code    24  stm32f10x_tim.o(.text)
    TIM_CCPreloadControl                     0x08004765   Thumb Code    24  stm32f10x_tim.o(.text)
    TIM_OC1PreloadConfig                     0x0800477d   Thumb Code    18  stm32f10x_tim.o(.text)
    TIM_OC2PreloadConfig                     0x0800478f   Thumb Code    26  stm32f10x_tim.o(.text)
    TIM_OC3PreloadConfig                     0x080047a9   Thumb Code    18  stm32f10x_tim.o(.text)
    TIM_OC4PreloadConfig                     0x080047bb   Thumb Code    26  stm32f10x_tim.o(.text)
    TIM_OC1FastConfig                        0x080047d5   Thumb Code    18  stm32f10x_tim.o(.text)
    TIM_OC2FastConfig                        0x080047e7   Thumb Code    26  stm32f10x_tim.o(.text)
    TIM_OC3FastConfig                        0x08004801   Thumb Code    18  stm32f10x_tim.o(.text)
    TIM_OC4FastConfig                        0x08004813   Thumb Code    26  stm32f10x_tim.o(.text)
    TIM_ClearOC1Ref                          0x0800482d   Thumb Code    18  stm32f10x_tim.o(.text)
    TIM_ClearOC2Ref                          0x0800483f   Thumb Code    24  stm32f10x_tim.o(.text)
    TIM_ClearOC3Ref                          0x08004857   Thumb Code    18  stm32f10x_tim.o(.text)
    TIM_ClearOC4Ref                          0x08004869   Thumb Code    24  stm32f10x_tim.o(.text)
    TIM_OC1PolarityConfig                    0x08004881   Thumb Code    18  stm32f10x_tim.o(.text)
    TIM_OC1NPolarityConfig                   0x08004893   Thumb Code    18  stm32f10x_tim.o(.text)
    TIM_OC2PolarityConfig                    0x080048a5   Thumb Code    26  stm32f10x_tim.o(.text)
    TIM_OC2NPolarityConfig                   0x080048bf   Thumb Code    26  stm32f10x_tim.o(.text)
    TIM_OC3PolarityConfig                    0x080048d9   Thumb Code    26  stm32f10x_tim.o(.text)
    TIM_OC3NPolarityConfig                   0x080048f3   Thumb Code    26  stm32f10x_tim.o(.text)
    TIM_OC4PolarityConfig                    0x0800490d   Thumb Code    26  stm32f10x_tim.o(.text)
    TIM_CCxCmd                               0x08004927   Thumb Code    30  stm32f10x_tim.o(.text)
    TIM_CCxNCmd                              0x08004945   Thumb Code    30  stm32f10x_tim.o(.text)
    TIM_SelectOCxM                           0x08004963   Thumb Code    82  stm32f10x_tim.o(.text)
    TIM_UpdateDisableConfig                  0x080049b5   Thumb Code    24  stm32f10x_tim.o(.text)
    TIM_UpdateRequestConfig                  0x080049cd   Thumb Code    24  stm32f10x_tim.o(.text)
    TIM_SelectHallSensor                     0x080049e5   Thumb Code    24  stm32f10x_tim.o(.text)
    TIM_SelectOnePulseMode                   0x080049fd   Thumb Code    18  stm32f10x_tim.o(.text)
    TIM_SelectOutputTrigger                  0x08004a0f   Thumb Code    18  stm32f10x_tim.o(.text)
    TIM_SelectSlaveMode                      0x08004a21   Thumb Code    18  stm32f10x_tim.o(.text)
    TIM_SelectMasterSlaveMode                0x08004a33   Thumb Code    18  stm32f10x_tim.o(.text)
    TIM_SetCounter                           0x08004a45   Thumb Code     4  stm32f10x_tim.o(.text)
    TIM_SetAutoreload                        0x08004a49   Thumb Code     4  stm32f10x_tim.o(.text)
    TIM_SetCompare1                          0x08004a4d   Thumb Code     4  stm32f10x_tim.o(.text)
    TIM_SetCompare2                          0x08004a51   Thumb Code     4  stm32f10x_tim.o(.text)
    TIM_SetCompare3                          0x08004a55   Thumb Code     4  stm32f10x_tim.o(.text)
    TIM_SetCompare4                          0x08004a59   Thumb Code     6  stm32f10x_tim.o(.text)
    TIM_SetClockDivision                     0x08004a5f   Thumb Code    18  stm32f10x_tim.o(.text)
    TIM_GetCapture1                          0x08004a71   Thumb Code     6  stm32f10x_tim.o(.text)
    TIM_GetCapture2                          0x08004a77   Thumb Code     6  stm32f10x_tim.o(.text)
    TIM_GetCapture3                          0x08004a7d   Thumb Code     6  stm32f10x_tim.o(.text)
    TIM_GetCapture4                          0x08004a83   Thumb Code     8  stm32f10x_tim.o(.text)
    TIM_GetCounter                           0x08004a8b   Thumb Code     6  stm32f10x_tim.o(.text)
    TIM_GetPrescaler                         0x08004a91   Thumb Code     6  stm32f10x_tim.o(.text)
    TIM_GetFlagStatus                        0x08004a97   Thumb Code    18  stm32f10x_tim.o(.text)
    TIM_ClearFlag                            0x08004aa9   Thumb Code     6  stm32f10x_tim.o(.text)
    TIM_GetITStatus                          0x08004aaf   Thumb Code    34  stm32f10x_tim.o(.text)
    TIM_ClearITPendingBit                    0x08004ad1   Thumb Code     6  stm32f10x_tim.o(.text)
    ADC_DeInit                               0x08004ad9   Thumb Code    78  stm32f10x_adc.o(.text)
    ADC_Init                                 0x08004b27   Thumb Code    70  stm32f10x_adc.o(.text)
    ADC_StructInit                           0x08004b6d   Thumb Code    18  stm32f10x_adc.o(.text)
    ADC_Cmd                                  0x08004b7f   Thumb Code    22  stm32f10x_adc.o(.text)
    ADC_DMACmd                               0x08004b95   Thumb Code    22  stm32f10x_adc.o(.text)
    ADC_ITConfig                             0x08004bab   Thumb Code    24  stm32f10x_adc.o(.text)
    ADC_ResetCalibration                     0x08004bc3   Thumb Code    10  stm32f10x_adc.o(.text)
    ADC_GetResetCalibrationStatus            0x08004bcd   Thumb Code    20  stm32f10x_adc.o(.text)
    ADC_StartCalibration                     0x08004be1   Thumb Code    10  stm32f10x_adc.o(.text)
    ADC_GetCalibrationStatus                 0x08004beb   Thumb Code    20  stm32f10x_adc.o(.text)
    ADC_SoftwareStartConvCmd                 0x08004bff   Thumb Code    22  stm32f10x_adc.o(.text)
    ADC_GetSoftwareStartConvStatus           0x08004c15   Thumb Code    20  stm32f10x_adc.o(.text)
    ADC_DiscModeChannelCountConfig           0x08004c29   Thumb Code    24  stm32f10x_adc.o(.text)
    ADC_DiscModeCmd                          0x08004c41   Thumb Code    22  stm32f10x_adc.o(.text)
    ADC_RegularChannelConfig                 0x08004c57   Thumb Code   184  stm32f10x_adc.o(.text)
    ADC_ExternalTrigConvCmd                  0x08004d0f   Thumb Code    22  stm32f10x_adc.o(.text)
    ADC_GetConversionValue                   0x08004d25   Thumb Code     8  stm32f10x_adc.o(.text)
    ADC_GetDualModeConversionValue           0x08004d2d   Thumb Code     8  stm32f10x_adc.o(.text)
    ADC_AutoInjectedConvCmd                  0x08004d35   Thumb Code    22  stm32f10x_adc.o(.text)
    ADC_InjectedDiscModeCmd                  0x08004d4b   Thumb Code    22  stm32f10x_adc.o(.text)
    ADC_ExternalTrigInjectedConvConfig       0x08004d61   Thumb Code    16  stm32f10x_adc.o(.text)
    ADC_ExternalTrigInjectedConvCmd          0x08004d71   Thumb Code    22  stm32f10x_adc.o(.text)
    ADC_SoftwareStartInjectedConvCmd         0x08004d87   Thumb Code    22  stm32f10x_adc.o(.text)
    ADC_GetSoftwareStartInjectedConvCmdStatus 0x08004d9d   Thumb Code    20  stm32f10x_adc.o(.text)
    ADC_InjectedChannelConfig                0x08004db1   Thumb Code   130  stm32f10x_adc.o(.text)
    ADC_InjectedSequencerLengthConfig        0x08004e33   Thumb Code    24  stm32f10x_adc.o(.text)
    ADC_SetInjectedOffset                    0x08004e4b   Thumb Code    20  stm32f10x_adc.o(.text)
    ADC_GetInjectedConversionValue           0x08004e5f   Thumb Code    28  stm32f10x_adc.o(.text)
    ADC_AnalogWatchdogCmd                    0x08004e7b   Thumb Code    16  stm32f10x_adc.o(.text)
    ADC_AnalogWatchdogThresholdsConfig       0x08004e8b   Thumb Code     6  stm32f10x_adc.o(.text)
    ADC_AnalogWatchdogSingleChannelConfig    0x08004e91   Thumb Code    16  stm32f10x_adc.o(.text)
    ADC_TempSensorVrefintCmd                 0x08004ea1   Thumb Code    64  stm32f10x_adc.o(.text)
    ADC_GetFlagStatus                        0x08004ee1   Thumb Code    18  stm32f10x_adc.o(.text)
    ADC_ClearFlag                            0x08004ef3   Thumb Code     6  stm32f10x_adc.o(.text)
    ADC_GetITStatus                          0x08004ef9   Thumb Code    36  stm32f10x_adc.o(.text)
    ADC_ClearITPendingBit                    0x08004f1d   Thumb Code    10  stm32f10x_adc.o(.text)
    delay_init                               0x08004f29   Thumb Code    64  delay.o(.text)
    delay_uus                                0x08004f69   Thumb Code    72  delay.o(.text)
    delay_us                                 0x08004fb1   Thumb Code    72  delay.o(.text)
    delay_ms                                 0x08004ff9   Thumb Code    72  delay.o(.text)
    delay_s                                  0x08005041   Thumb Code   126  delay.o(.text)
    NVIC_Configuration                       0x080050dd   Thumb Code    12  sys.o(.text)
    _sys_exit                                0x080050e9   Thumb Code     4  usart.o(.text)
    fputc                                    0x080050ed   Thumb Code    24  usart.o(.text)
    uart_init                                0x08005105   Thumb Code   162  usart.o(.text)
    USART3_Init                              0x080051a7   Thumb Code   160  usart.o(.text)
    USART1_IRQHandler                        0x08005247   Thumb Code   122  usart.o(.text)
    USART3_IRQHandler                        0x080052c1   Thumb Code   122  usart.o(.text)
    __use_no_semihosting                     0x0800535d   Thumb Code     2  use_no_semi_2.o(.text)
    vsprintf                                 0x08005361   Thumb Code    32  vsprintf.o(.text)
    __2printf                                0x08005385   Thumb Code    20  __2printf.o(.text)
    _printf_str                              0x0800539d   Thumb Code    82  _printf_str.o(.text)
    _printf_int_dec                          0x080053f1   Thumb Code   104  _printf_dec.o(.text)
    __printf                                 0x08005469   Thumb Code   388  __printf_flags_ss_wp.o(.text)
    srand                                    0x080055f1   Thumb Code    42  rand.o(.text)
    _rand_init                               0x0800561b   Thumb Code     4  rand.o(.text)
    strlen                                   0x0800562d   Thumb Code    62  strlen.o(.text)
    __use_two_region_memory                  0x0800566b   Thumb Code     2  heapauxi.o(.text)
    __rt_heap_escrow$2region                 0x0800566d   Thumb Code     2  heapauxi.o(.text)
    __rt_heap_expand$2region                 0x0800566f   Thumb Code     2  heapauxi.o(.text)
    __I$use$semihosting                      0x08005671   Thumb Code     0  use_no_semi.o(.text)
    __use_no_semihosting_swi                 0x08005671   Thumb Code     2  use_no_semi.o(.text)
    __read_errno                             0x08005673   Thumb Code    10  _rserrno.o(.text)
    __set_errno                              0x0800567d   Thumb Code    12  _rserrno.o(.text)
    _printf_pre_padding                      0x08005689   Thumb Code    44  _printf_pad.o(.text)
    _printf_post_padding                     0x080056b5   Thumb Code    34  _printf_pad.o(.text)
    _printf_truncate_signed                  0x080056d7   Thumb Code    18  _printf_truncate.o(.text)
    _printf_truncate_unsigned                0x080056e9   Thumb Code    18  _printf_truncate.o(.text)
    _printf_int_common                       0x080056fb   Thumb Code   178  _printf_intcommon.o(.text)
    _printf_charcount                        0x080057ad   Thumb Code    40  _printf_charcount.o(.text)
    __lib_sel_fp_printf                      0x080057d5   Thumb Code     2  _printf_fp_dec.o(.text)
    _printf_fp_dec_real                      0x08005983   Thumb Code   620  _printf_fp_dec.o(.text)
    _printf_char_common                      0x08005bfb   Thumb Code    32  _printf_char_common.o(.text)
    _sputc                                   0x08005c21   Thumb Code    10  _sputc.o(.text)
    _printf_cs_common                        0x08005c2b   Thumb Code    20  _printf_char.o(.text)
    _printf_char                             0x08005c3f   Thumb Code    16  _printf_char.o(.text)
    _printf_string                           0x08005c4f   Thumb Code     8  _printf_char.o(.text)
    _printf_char_file                        0x08005c59   Thumb Code    32  _printf_char_file.o(.text)
    _printf_wctomb                           0x08005c7d   Thumb Code   182  _printf_wctomb.o(.text)
    _printf_longlong_dec                     0x08005d39   Thumb Code   108  _printf_longlong_dec.o(.text)
    _printf_longlong_oct                     0x08005db5   Thumb Code    68  _printf_oct_int_ll.o(.text)
    _printf_int_oct                          0x08005df9   Thumb Code    24  _printf_oct_int_ll.o(.text)
    _printf_ll_oct                           0x08005e11   Thumb Code    12  _printf_oct_int_ll.o(.text)
    _printf_longlong_hex                     0x08005e25   Thumb Code    86  _printf_hex_int_ll_ptr.o(.text)
    _printf_int_hex                          0x08005e7b   Thumb Code    28  _printf_hex_int_ll_ptr.o(.text)
    _printf_ll_hex                           0x08005e97   Thumb Code    12  _printf_hex_int_ll_ptr.o(.text)
    _printf_hex_ptr                          0x08005ea3   Thumb Code    18  _printf_hex_int_ll_ptr.o(.text)
    __rt_locale                              0x08005eb9   Thumb Code     8  rt_locale_intlibspace.o(.text)
    __aeabi_errno_addr                       0x08005ec1   Thumb Code     8  rt_errno_addr_intlibspace.o(.text)
    __errno$intlibspace                      0x08005ec1   Thumb Code     0  rt_errno_addr_intlibspace.o(.text)
    __rt_errno_addr$intlibspace              0x08005ec1   Thumb Code     0  rt_errno_addr_intlibspace.o(.text)
    _ll_udiv10                               0x08005ec9   Thumb Code   138  lludiv10.o(.text)
    _printf_fp_hex_real                      0x08005f55   Thumb Code   754  _printf_fp_hex.o(.text)
    _printf_fp_infnan                        0x08006251   Thumb Code   112  _printf_fp_infnan.o(.text)
    _printf_lcs_common                       0x080062d1   Thumb Code    20  _printf_wchar.o(.text)
    _printf_wchar                            0x080062e5   Thumb Code    16  _printf_wchar.o(.text)
    _printf_wstring                          0x080062f5   Thumb Code     8  _printf_wchar.o(.text)
    _btod_etento                             0x080062fd   Thumb Code   216  bigflt0.o(.text)
    ferror                                   0x080063d9   Thumb Code     8  ferror.o(.text)
    _wcrtomb                                 0x080063e1   Thumb Code    64  _wcrtomb.o(.text)
    __user_libspace                          0x08006421   Thumb Code     8  libspace.o(.text)
    __user_perproc_libspace                  0x08006421   Thumb Code     0  libspace.o(.text)
    __user_perthread_libspace                0x08006421   Thumb Code     0  libspace.o(.text)
    __user_setup_stackheap                   0x08006429   Thumb Code    74  sys_stackheap_outer.o(.text)
    __rt_ctype_table                         0x08006475   Thumb Code    16  rt_ctype_table.o(.text)
    exit                                     0x08006485   Thumb Code    12  exit.o(.text)
    strcmp                                   0x08006491   Thumb Code   128  strcmpv7m.o(.text)
    _btod_d2e                                0x08006511   Thumb Code    62  btod.o(CL$$btod_d2e)
    _d2e_denorm_low                          0x0800654f   Thumb Code    70  btod.o(CL$$btod_d2e_denorm_low)
    _d2e_norm_op1                            0x08006595   Thumb Code    96  btod.o(CL$$btod_d2e_norm_op1)
    __btod_div_common                        0x080065f5   Thumb Code   696  btod.o(CL$$btod_div_common)
    _e2e                                     0x0800692d   Thumb Code   198  btod.o(CL$$btod_e2e)
    _btod_ediv                               0x080069f3   Thumb Code    40  btod.o(CL$$btod_ediv)
    _btod_emul                               0x08006a1b   Thumb Code    40  btod.o(CL$$btod_emul)
    __btod_mult_common                       0x08006a43   Thumb Code   580  btod.o(CL$$btod_mult_common)
    __ARM_fpclassify                         0x08006c87   Thumb Code    40  fpclassify.o(i.__ARM_fpclassify)
    __ieee754_rem_pio2                       0x08006cb1   Thumb Code   828  rred.o(i.__ieee754_rem_pio2)
    __kernel_cos                             0x08007039   Thumb Code   230  cos_i.o(i.__kernel_cos)
    __kernel_poly                            0x08007135   Thumb Code   170  poly.o(i.__kernel_poly)
    __kernel_sin                             0x080071e1   Thumb Code   224  sin_i.o(i.__kernel_sin)
    __mathlib_dbl_infnan                     0x080072cd   Thumb Code     6  dunder.o(i.__mathlib_dbl_infnan)
    __mathlib_dbl_invalid                    0x080072d3   Thumb Code    12  dunder.o(i.__mathlib_dbl_invalid)
    __mathlib_dbl_underflow                  0x080072e1   Thumb Code    10  dunder.o(i.__mathlib_dbl_underflow)
    _is_digit                                0x080072f1   Thumb Code    14  __printf_wp.o(i._is_digit)
    cos                                      0x08007301   Thumb Code   148  cos.o(i.cos)
    sin                                      0x0800739d   Thumb Code   150  sin.o(i.sin)
    _get_lc_numeric                          0x0800743d   Thumb Code    44  lc_numeric_c.o(locale$$code)
    _get_lc_ctype                            0x08007469   Thumb Code    44  lc_ctype_c.o(locale$$code)
    __aeabi_d2f                              0x08007495   Thumb Code     0  d2f.o(x$fpl$d2f)
    _d2f                                     0x08007495   Thumb Code    98  d2f.o(x$fpl$d2f)
    __aeabi_dadd                             0x080074f9   Thumb Code     0  daddsub_clz.o(x$fpl$dadd)
    _dadd                                    0x080074f9   Thumb Code   332  daddsub_clz.o(x$fpl$dadd)
    __fpl_dcheck_NaN1                        0x08007649   Thumb Code    10  dcheck1.o(x$fpl$dcheck1)
    __fpl_dcmp_Inf                           0x08007659   Thumb Code    24  dcmpi.o(x$fpl$dcmpinf)
    __aeabi_ddiv                             0x08007671   Thumb Code     0  ddiv.o(x$fpl$ddiv)
    _ddiv                                    0x08007671   Thumb Code   552  ddiv.o(x$fpl$ddiv)
    __aeabi_d2iz                             0x08007921   Thumb Code     0  dfix.o(x$fpl$dfix)
    _dfix                                    0x08007921   Thumb Code    94  dfix.o(x$fpl$dfix)
    __aeabi_i2d                              0x0800797f   Thumb Code     0  dflt_clz.o(x$fpl$dflt)
    _dflt                                    0x0800797f   Thumb Code    46  dflt_clz.o(x$fpl$dflt)
    __aeabi_ui2d                             0x080079ad   Thumb Code     0  dflt_clz.o(x$fpl$dfltu)
    _dfltu                                   0x080079ad   Thumb Code    38  dflt_clz.o(x$fpl$dfltu)
    __aeabi_cdcmple                          0x080079d5   Thumb Code     0  dleqf.o(x$fpl$dleqf)
    _dcmple                                  0x080079d5   Thumb Code   120  dleqf.o(x$fpl$dleqf)
    __fpl_dcmple_InfNaN                      0x08007a37   Thumb Code     0  dleqf.o(x$fpl$dleqf)
    __aeabi_dmul                             0x08007a4d   Thumb Code     0  dmul.o(x$fpl$dmul)
    _dmul                                    0x08007a4d   Thumb Code   332  dmul.o(x$fpl$dmul)
    __fpl_dnaninf                            0x08007ba1   Thumb Code   156  dnaninf.o(x$fpl$dnaninf)
    __fpl_dretinf                            0x08007c3d   Thumb Code    12  dretinf.o(x$fpl$dretinf)
    __aeabi_cdrcmple                         0x08007c49   Thumb Code     0  drleqf.o(x$fpl$drleqf)
    _drcmple                                 0x08007c49   Thumb Code   108  drleqf.o(x$fpl$drleqf)
    __aeabi_drsub                            0x08007cb5   Thumb Code     0  daddsub_clz.o(x$fpl$drsb)
    _drsb                                    0x08007cb5   Thumb Code    22  daddsub_clz.o(x$fpl$drsb)
    __aeabi_dsub                             0x08007ccd   Thumb Code     0  daddsub_clz.o(x$fpl$dsub)
    _dsub                                    0x08007ccd   Thumb Code   464  daddsub_clz.o(x$fpl$dsub)
    __aeabi_f2d                              0x08007ea1   Thumb Code     0  f2d.o(x$fpl$f2d)
    _f2d                                     0x08007ea1   Thumb Code    86  f2d.o(x$fpl$f2d)
    __aeabi_fadd                             0x08007ef9   Thumb Code     0  faddsub_clz.o(x$fpl$fadd)
    _fadd                                    0x08007ef9   Thumb Code   196  faddsub_clz.o(x$fpl$fadd)
    __fpl_fcmp_Inf                           0x08007fbd   Thumb Code    24  fcmpi.o(x$fpl$fcmpinf)
    __aeabi_fdiv                             0x08007fd5   Thumb Code     0  fdiv.o(x$fpl$fdiv)
    _fdiv                                    0x08007fd5   Thumb Code   384  fdiv.o(x$fpl$fdiv)
    __aeabi_cfcmpeq                          0x08008159   Thumb Code     0  feqf.o(x$fpl$feqf)
    _fcmpeq                                  0x08008159   Thumb Code   104  feqf.o(x$fpl$feqf)
    __aeabi_f2iz                             0x080081c1   Thumb Code     0  ffix.o(x$fpl$ffix)
    _ffix                                    0x080081c1   Thumb Code    54  ffix.o(x$fpl$ffix)
    __aeabi_f2uiz                            0x080081f9   Thumb Code     0  ffixu.o(x$fpl$ffixu)
    _ffixu                                   0x080081f9   Thumb Code    62  ffixu.o(x$fpl$ffixu)
    __aeabi_i2f                              0x08008239   Thumb Code     0  fflt_clz.o(x$fpl$fflt)
    _fflt                                    0x08008239   Thumb Code    48  fflt_clz.o(x$fpl$fflt)
    __aeabi_ui2f                             0x08008269   Thumb Code     0  fflt_clz.o(x$fpl$ffltu)
    _ffltu                                   0x08008269   Thumb Code    38  fflt_clz.o(x$fpl$ffltu)
    __aeabi_cfcmple                          0x08008291   Thumb Code     0  fleqf.o(x$fpl$fleqf)
    _fcmple                                  0x08008291   Thumb Code   104  fleqf.o(x$fpl$fleqf)
    __fpl_fcmple_InfNaN                      0x080082e3   Thumb Code     0  fleqf.o(x$fpl$fleqf)
    __aeabi_fmul                             0x080082f9   Thumb Code     0  fmul.o(x$fpl$fmul)
    _fmul                                    0x080082f9   Thumb Code   258  fmul.o(x$fpl$fmul)
    __fpl_fnaninf                            0x080083fb   Thumb Code   140  fnaninf.o(x$fpl$fnaninf)
    __fpl_fretinf                            0x08008487   Thumb Code    10  fretinf.o(x$fpl$fretinf)
    __aeabi_cfrcmple                         0x08008491   Thumb Code     0  frleqf.o(x$fpl$frleqf)
    _frcmple                                 0x08008491   Thumb Code    98  frleqf.o(x$fpl$frleqf)
    __aeabi_frsub                            0x080084f3   Thumb Code     0  faddsub_clz.o(x$fpl$frsb)
    _frsb                                    0x080084f3   Thumb Code    20  faddsub_clz.o(x$fpl$frsb)
    __aeabi_fsub                             0x08008509   Thumb Code     0  faddsub_clz.o(x$fpl$fsub)
    _fsub                                    0x08008509   Thumb Code   234  faddsub_clz.o(x$fpl$fsub)
    _printf_fp_dec                           0x080085f3   Thumb Code     4  printf1.o(x$fpl$printf1)
    _printf_fp_hex                           0x080085f7   Thumb Code     4  printf2.o(x$fpl$printf2)
    __fpl_return_NaN                         0x080085fb   Thumb Code   100  retnan.o(x$fpl$retnan)
    __ARM_scalbn                             0x0800865f   Thumb Code    92  scalbn.o(x$fpl$scalbn)
    __fpl_cmpreturn                          0x080086bb   Thumb Code    48  trapv.o(x$fpl$trapveneer)
    __I$use$fp                               0x080086ea   Number         0  usenofp.o(x$fpl$usenofp)
    pi                                       0x080086ec   Data           4  timer.o(.constdata)
    Region$$Table$$Base                      0x08008914   Number         0  anon$$obj.o(Region$$Table)
    Region$$Table$$Limit                     0x08008934   Number         0  anon$$obj.o(Region$$Table)
    __ctype                                  0x0800895d   Data           0  lc_ctype_c.o(locale$$data)
    SystemCoreClock                          0x20000000   Data           4  system_stm32f10x.o(.data)
    AHBPrescTable                            0x20000004   Data          16  system_stm32f10x.o(.data)
    TIM3CH2_CAPTURE_STA                      0x20000018   Data           1  pwm_capture.o(.data)
    TIM3CH2_CAPTURE_VAL                      0x2000001a   Data           2  pwm_capture.o(.data)
    TIM3CH2_CAPTURE_COUNT                    0x2000001c   Data           2  pwm_capture.o(.data)
    TIM4CH2_CAPTURE_STA                      0x2000001e   Data           1  pwm_capture.o(.data)
    TIM4CH2_CAPTURE_VAL                      0x20000020   Data           2  pwm_capture.o(.data)
    TIM4CH2_CAPTURE_COUNT                    0x20000022   Data           2  pwm_capture.o(.data)
    MR_state                                 0x20000024   Data           1  pwm_capture.o(.data)
    MR_DISTANCE                              0x20000028   Data           8  pwm_capture.o(.data)
    MR_DISTANCE_count                        0x20000030   Data           4  pwm_capture.o(.data)
    INA226_DATA                              0x20000034   Data           8  timer.o(.data)
    MAX6675_TEMPAYURE                        0x2000003c   Data           8  timer.o(.data)
    ACCEL_DATA                               0x20000044   Data           6  timer.o(.data)
    GYRO_DATA                                0x2000004a   Data           6  timer.o(.data)
    VOLTAGE                                  0x20000050   Data           4  timer.o(.data)
    VOLTAGE_REFERENCE                        0x20000054   Data           4  timer.o(.data)
    CURRENT                                  0x20000058   Data           4  timer.o(.data)
    CURRENT_REFERENCE                        0x2000005c   Data           4  timer.o(.data)
    RESISTANCE                               0x20000060   Data           4  timer.o(.data)
    RESISTANCE_reference                     0x20000064   Data           4  timer.o(.data)
    VOLTAGE_Ny                               0x20000068   Data           4  timer.o(.data)
    NylonResistance_reference                0x2000006c   Data           4  timer.o(.data)
    TEMPATURE                                0x20000070   Data           4  timer.o(.data)
    TEMPATURE_REFERENCE                      0x20000074   Data           4  timer.o(.data)
    RESISTANCE_RATE_REFERENCE                0x20000078   Data           4  timer.o(.data)
    amp                                      0x2000007c   Data           4  timer.o(.data)
    MPU_TEMP                                 0x20000080   Data           2  timer.o(.data)
    i                                        0x20000082   Data           1  timer.o(.data)
    distance_PID_period                      0x20000083   Data           1  timer.o(.data)
    control_stautes                          0x20000084   Data           1  timer.o(.data)
    times                                    0x20000088   Data           4  timer.o(.data)
    sample_period                            0x2000008c   Data           2  timer.o(.data)
    filter_number                            0x2000008e   Data           2  timer.o(.data)
    tempature_control                        0x20000090   Data           4  timer.o(.data)
    tempctrl                                 0x20000094   Data           4  timer.o(.data)
    pwm_duty                                 0x20000098   Data           4  timer.o(.data)
    system_flag                              0x2000009c   Data           1  timer.o(.data)
    x9c104_flag                              0x2000009d   Data           1  timer.o(.data)
    tempature_control_flag                   0x2000009e   Data           1  timer.o(.data)
    RESISTANCE_changerate                    0x200000a0   Data           4  timer.o(.data)
    POWER_GUIDE                              0x200000a4   Data           4  timer.o(.data)
    t_kp                                     0x200000a8   Data           4  timer.o(.data)
    t_ti                                     0x200000ac   Data           4  timer.o(.data)
    t_td                                     0x200000b0   Data           4  timer.o(.data)
    distance_control_flag                    0x200000b4   Data           1  timer.o(.data)
    filter_enable                            0x200000b5   Data           1  timer.o(.data)
    distance_control                         0x200000b8   Data           4  timer.o(.data)
    d_kp                                     0x200000bc   Data           4  timer.o(.data)
    d_ti                                     0x200000c0   Data           4  timer.o(.data)
    d_td                                     0x200000c4   Data           4  timer.o(.data)
    NylonResistance                          0x200000c8   Data           4  timer.o(.data)
    T_Resistance                             0x200000cc   Data           4  timer.o(.data)
    sample_count                             0x200000d0   Data           1  timer.o(.data)
    Tempcontrol_c                            0x200000d4   Data           4  timer.o(.data)
    DMA1_MEM_LEN                             0x200000d8   Data           2  dma.o(.data)
    setu                                     0x200000da   Data           3  power.o(.data)
    seti                                     0x200000dd   Data           3  power.o(.data)
    setend                                   0x200000e0   Data           2  power.o(.data)
    setnum                                   0x200000e2   Data           4  power.o(.data)
    ii                                       0x200000e6   Data           1  power.o(.data)
    __stdout                                 0x20000114   Data           4  usart.o(.data)
    USART_RX_STA                             0x20000118   Data           2  usart.o(.data)
    USART3_RX_STA                            0x2000011a   Data           2  usart.o(.data)
    TIM3_ICInitStructure                     0x2000011c   Data          10  pwm_capture.o(.bss)
    TIM4_ICInitStructure                     0x20000126   Data          10  pwm_capture.o(.bss)
    ADS1115data                              0x20000130   Data          16  timer.o(.bss)
    adc_1_value                              0x20000140   Data          12  timer.o(.bss)
    adc_0_value                              0x2000014c   Data          12  timer.o(.bss)
    SAMPLEDATA                               0x20000158   Data          48  timer.o(.bss)
    tempature_PID                            0x20000188   Data          28  timer.o(.bss)
    distance_PID                             0x200001a4   Data          28  timer.o(.bss)
    DMA_PRINTF_BUF                           0x200001c0   Data         200  dma.o(.bss)
    DMA_InitStructure                        0x20000288   Data          44  dma.o(.bss)
    Y                                        0x200002b8   Data          24  filter.o(.bss)
    X                                        0x200002d0   Data          16  filter.o(.bss)
    USART_RX_BUF                             0x20000618   Data         200  usart.o(.bss)
    USART3_RX_BUF                            0x200006e0   Data         200  usart.o(.bss)
    _random_number_data                      0x200007a8   Data         228  rand.o(.bss)
    __libspace_start                         0x2000088c   Data          96  libspace.o(.bss)
    __temporary_stack_top$libspace           0x200008ec   Data           0  libspace.o(.bss)



==============================================================================

Memory Map of the image

  Image Entry point : 0x080000ed

  Load Region LR_IROM1 (Base: 0x08000000, Size: 0x00008b7c, Max: 0x00010000, ABSOLUTE)

    Execution Region ER_IROM1 (Base: 0x08000000, Size: 0x00008a60, Max: 0x00010000, ABSOLUTE)

    Base Addr    Size         Type   Attr      Idx    E Section Name        Object

    0x08000000   0x000000ec   Data   RO          500    RESET               startup_stm32f10x_md.o
    0x080000ec   0x00000008   Code   RO          716  * !!!main             c_w.l(__main.o)
    0x080000f4   0x00000034   Code   RO         1145    !!!scatter          c_w.l(__scatter.o)
    0x08000128   0x0000001a   Code   RO         1147    !!handler_copy      c_w.l(__scatter_copy.o)
    0x08000142   0x00000002   PAD
    0x08000144   0x0000001c   Code   RO         1149    !!handler_zi        c_w.l(__scatter_zi.o)
    0x08000160   0x00000000   Code   RO          706    .ARM.Collect$$_printf_percent$$00000000  c_w.l(_printf_percent.o)
    0x08000160   0x00000006   Code   RO          854    .ARM.Collect$$_printf_percent$$00000001  c_w.l(_printf_n.o)
    0x08000166   0x00000006   Code   RO          856    .ARM.Collect$$_printf_percent$$00000002  c_w.l(_printf_p.o)
    0x0800016c   0x00000006   Code   RO          705    .ARM.Collect$$_printf_percent$$00000003  c_w.l(_printf_f.o)
    0x08000172   0x00000006   Code   RO          860    .ARM.Collect$$_printf_percent$$00000004  c_w.l(_printf_e.o)
    0x08000178   0x00000006   Code   RO          861    .ARM.Collect$$_printf_percent$$00000005  c_w.l(_printf_g.o)
    0x0800017e   0x00000006   Code   RO          862    .ARM.Collect$$_printf_percent$$00000006  c_w.l(_printf_a.o)
    0x08000184   0x0000000a   Code   RO          867    .ARM.Collect$$_printf_percent$$00000007  c_w.l(_printf_ll.o)
    0x0800018e   0x00000006   Code   RO          858    .ARM.Collect$$_printf_percent$$00000008  c_w.l(_printf_i.o)
    0x08000194   0x00000006   Code   RO          704    .ARM.Collect$$_printf_percent$$00000009  c_w.l(_printf_d.o)
    0x0800019a   0x00000006   Code   RO          859    .ARM.Collect$$_printf_percent$$0000000A  c_w.l(_printf_u.o)
    0x080001a0   0x00000006   Code   RO          857    .ARM.Collect$$_printf_percent$$0000000B  c_w.l(_printf_o.o)
    0x080001a6   0x00000006   Code   RO          855    .ARM.Collect$$_printf_percent$$0000000C  c_w.l(_printf_x.o)
    0x080001ac   0x00000006   Code   RO          864    .ARM.Collect$$_printf_percent$$0000000D  c_w.l(_printf_lli.o)
    0x080001b2   0x00000006   Code   RO          865    .ARM.Collect$$_printf_percent$$0000000E  c_w.l(_printf_lld.o)
    0x080001b8   0x00000006   Code   RO          866    .ARM.Collect$$_printf_percent$$0000000F  c_w.l(_printf_llu.o)
    0x080001be   0x00000006   Code   RO          871    .ARM.Collect$$_printf_percent$$00000010  c_w.l(_printf_llo.o)
    0x080001c4   0x00000006   Code   RO          872    .ARM.Collect$$_printf_percent$$00000011  c_w.l(_printf_llx.o)
    0x080001ca   0x0000000a   Code   RO          868    .ARM.Collect$$_printf_percent$$00000012  c_w.l(_printf_l.o)
    0x080001d4   0x00000006   Code   RO          853    .ARM.Collect$$_printf_percent$$00000013  c_w.l(_printf_c.o)
    0x080001da   0x00000006   Code   RO          703    .ARM.Collect$$_printf_percent$$00000014  c_w.l(_printf_s.o)
    0x080001e0   0x00000006   Code   RO          869    .ARM.Collect$$_printf_percent$$00000015  c_w.l(_printf_lc.o)
    0x080001e6   0x00000006   Code   RO          870    .ARM.Collect$$_printf_percent$$00000016  c_w.l(_printf_ls.o)
    0x080001ec   0x00000004   Code   RO          863    .ARM.Collect$$_printf_percent$$00000017  c_w.l(_printf_percent_end.o)
    0x080001f0   0x00000002   Code   RO         1067    .ARM.Collect$$libinit$$00000000  c_w.l(libinit.o)
    0x080001f2   0x00000000   Code   RO          874    .ARM.Collect$$libinit$$00000002  c_w.l(libinit2.o)
    0x080001f2   0x00000000   Code   RO          876    .ARM.Collect$$libinit$$00000004  c_w.l(libinit2.o)
    0x080001f2   0x00000000   Code   RO          879    .ARM.Collect$$libinit$$0000000A  c_w.l(libinit2.o)
    0x080001f2   0x00000000   Code   RO          881    .ARM.Collect$$libinit$$0000000C  c_w.l(libinit2.o)
    0x080001f2   0x00000004   Code   RO          882    .ARM.Collect$$libinit$$0000000D  c_w.l(libinit2.o)
    0x080001f6   0x00000000   Code   RO          883    .ARM.Collect$$libinit$$0000000E  c_w.l(libinit2.o)
    0x080001f6   0x00000006   Code   RO          884    .ARM.Collect$$libinit$$0000000F  c_w.l(libinit2.o)
    0x080001fc   0x00000000   Code   RO          886    .ARM.Collect$$libinit$$00000011  c_w.l(libinit2.o)
    0x080001fc   0x0000000c   Code   RO          887    .ARM.Collect$$libinit$$00000012  c_w.l(libinit2.o)
    0x08000208   0x00000000   Code   RO          888    .ARM.Collect$$libinit$$00000013  c_w.l(libinit2.o)
    0x08000208   0x00000000   Code   RO          890    .ARM.Collect$$libinit$$00000015  c_w.l(libinit2.o)
    0x08000208   0x0000000a   Code   RO          891    .ARM.Collect$$libinit$$00000016  c_w.l(libinit2.o)
    0x08000212   0x00000000   Code   RO          892    .ARM.Collect$$libinit$$00000017  c_w.l(libinit2.o)
    0x08000212   0x00000000   Code   RO          894    .ARM.Collect$$libinit$$00000019  c_w.l(libinit2.o)
    0x08000212   0x00000000   Code   RO          896    .ARM.Collect$$libinit$$0000001B  c_w.l(libinit2.o)
    0x08000212   0x00000000   Code   RO          898    .ARM.Collect$$libinit$$0000001D  c_w.l(libinit2.o)
    0x08000212   0x00000000   Code   RO          900    .ARM.Collect$$libinit$$0000001F  c_w.l(libinit2.o)
    0x08000212   0x00000000   Code   RO          902    .ARM.Collect$$libinit$$00000021  c_w.l(libinit2.o)
    0x08000212   0x00000000   Code   RO          904    .ARM.Collect$$libinit$$00000023  c_w.l(libinit2.o)
    0x08000212   0x00000000   Code   RO          906    .ARM.Collect$$libinit$$00000025  c_w.l(libinit2.o)
    0x08000212   0x00000000   Code   RO          910    .ARM.Collect$$libinit$$0000002C  c_w.l(libinit2.o)
    0x08000212   0x00000000   Code   RO          912    .ARM.Collect$$libinit$$0000002E  c_w.l(libinit2.o)
    0x08000212   0x00000000   Code   RO          914    .ARM.Collect$$libinit$$00000030  c_w.l(libinit2.o)
    0x08000212   0x00000000   Code   RO          916    .ARM.Collect$$libinit$$00000032  c_w.l(libinit2.o)
    0x08000212   0x00000002   Code   RO          917    .ARM.Collect$$libinit$$00000033  c_w.l(libinit2.o)
    0x08000214   0x00000002   Code   RO         1107    .ARM.Collect$$libshutdown$$00000000  c_w.l(libshutdown.o)
    0x08000216   0x00000000   Code   RO         1114    .ARM.Collect$$libshutdown$$00000003  c_w.l(libshutdown2.o)
    0x08000216   0x00000000   Code   RO         1117    .ARM.Collect$$libshutdown$$00000006  c_w.l(libshutdown2.o)
    0x08000216   0x00000000   Code   RO         1120    .ARM.Collect$$libshutdown$$00000009  c_w.l(libshutdown2.o)
    0x08000216   0x00000000   Code   RO         1122    .ARM.Collect$$libshutdown$$0000000B  c_w.l(libshutdown2.o)
    0x08000216   0x00000000   Code   RO         1125    .ARM.Collect$$libshutdown$$0000000E  c_w.l(libshutdown2.o)
    0x08000216   0x00000002   Code   RO         1126    .ARM.Collect$$libshutdown$$0000000F  c_w.l(libshutdown2.o)
    0x08000218   0x00000000   Code   RO          800    .ARM.Collect$$rtentry$$00000000  c_w.l(__rtentry.o)
    0x08000218   0x00000000   Code   RO          966    .ARM.Collect$$rtentry$$00000002  c_w.l(__rtentry2.o)
    0x08000218   0x00000006   Code   RO          978    .ARM.Collect$$rtentry$$00000004  c_w.l(__rtentry4.o)
    0x0800021e   0x00000000   Code   RO          968    .ARM.Collect$$rtentry$$00000009  c_w.l(__rtentry2.o)
    0x0800021e   0x00000004   Code   RO          969    .ARM.Collect$$rtentry$$0000000A  c_w.l(__rtentry2.o)
    0x08000222   0x00000000   Code   RO          971    .ARM.Collect$$rtentry$$0000000C  c_w.l(__rtentry2.o)
    0x08000222   0x00000008   Code   RO          972    .ARM.Collect$$rtentry$$0000000D  c_w.l(__rtentry2.o)
    0x0800022a   0x00000002   Code   RO         1072    .ARM.Collect$$rtexit$$00000000  c_w.l(rtexit.o)
    0x0800022c   0x00000000   Code   RO         1087    .ARM.Collect$$rtexit$$00000002  c_w.l(rtexit2.o)
    0x0800022c   0x00000004   Code   RO         1088    .ARM.Collect$$rtexit$$00000003  c_w.l(rtexit2.o)
    0x08000230   0x00000006   Code   RO         1089    .ARM.Collect$$rtexit$$00000004  c_w.l(rtexit2.o)
    0x08000236   0x00000002   PAD
    0x08000238   0x00000034   Code   RO          707    .emb_text           c_w.l(rand.o)
    0x0800026c   0x00000740   Code   RO            1    .text               main.o
    0x080009ac   0x00000018   Code   RO          136    .text               stm32f10x_it.o
    0x080009c4   0x000001e0   Code   RO          151    .text               system_stm32f10x.o
    0x08000ba4   0x00000080   Code   RO          169    .text               define_gpio.o
    0x08000c24   0x00000174   Code   RO          210    .text               hc05.o
    0x08000d98   0x000000e8   Code   RO          230    .text               adc.o
    0x08000e80   0x00000180   Code   RO          263    .text               max6675.o
    0x08001000   0x00000398   Code   RO          308    .text               pwm_capture.o
    0x08001398   0x000000cc   Code   RO          324    .text               x9c104.o
    0x08001464   0x00000938   Code   RO          336    .text               timer.o
    0x08001d9c   0x00000274   Code   RO          375    .text               myiic.o
    0x08002010   0x00000124   Code   RO          387    .text               mpu6050.o
    0x08002134   0x000000d8   Code   RO          399    .text               dma.o
    0x0800220c   0x0000023c   Code   RO          425    .text               ina226.o
    0x08002448   0x000000be   Code   RO          437    .text               pid.o
    0x08002506   0x00000002   PAD
    0x08002508   0x00000298   Code   RO          449    .text               power.o
    0x080027a0   0x00000398   Code   RO          464    .text               filter.o
    0x08002b38   0x00000040   Code   RO          501    .text               startup_stm32f10x_md.o
    0x08002b78   0x000000dc   Code   RO          505    .text               misc.o
    0x08002c54   0x0000035c   Code   RO          517    .text               stm32f10x_gpio.o
    0x08002fb0   0x000003a4   Code   RO          529    .text               stm32f10x_rcc.o
    0x08003354   0x00000408   Code   RO          543    .text               stm32f10x_usart.o
    0x0800375c   0x0000030c   Code   RO          555    .text               stm32f10x_spi.o
    0x08003a68   0x00000254   Code   RO          582    .text               stm32f10x_dma.o
    0x08003cbc   0x00000e1a   Code   RO          594    .text               stm32f10x_tim.o
    0x08004ad6   0x00000002   PAD
    0x08004ad8   0x0000044e   Code   RO          606    .text               stm32f10x_adc.o
    0x08004f26   0x00000002   PAD
    0x08004f28   0x000001b4   Code   RO          618    .text               delay.o
    0x080050dc   0x0000000c   Code   RO          632    .text               sys.o
    0x080050e8   0x00000274   Code   RO          644    .text               usart.o
    0x0800535c   0x00000002   Code   RO          669    .text               c_w.l(use_no_semi_2.o)
    0x0800535e   0x00000002   PAD
    0x08005360   0x00000024   Code   RO          671    .text               c_w.l(vsprintf.o)
    0x08005384   0x00000018   Code   RO          673    .text               c_w.l(__2printf.o)
    0x0800539c   0x00000052   Code   RO          679    .text               c_w.l(_printf_str.o)
    0x080053ee   0x00000002   PAD
    0x080053f0   0x00000078   Code   RO          681    .text               c_w.l(_printf_dec.o)
    0x08005468   0x00000188   Code   RO          700    .text               c_w.l(__printf_flags_ss_wp.o)
    0x080055f0   0x0000003c   Code   RO          708    .text               c_w.l(rand.o)
    0x0800562c   0x0000003e   Code   RO          712    .text               c_w.l(strlen.o)
    0x0800566a   0x00000006   Code   RO          714    .text               c_w.l(heapauxi.o)
    0x08005670   0x00000002   Code   RO          798    .text               c_w.l(use_no_semi.o)
    0x08005672   0x00000016   Code   RO          801    .text               c_w.l(_rserrno.o)
    0x08005688   0x0000004e   Code   RO          803    .text               c_w.l(_printf_pad.o)
    0x080056d6   0x00000024   Code   RO          805    .text               c_w.l(_printf_truncate.o)
    0x080056fa   0x000000b2   Code   RO          807    .text               c_w.l(_printf_intcommon.o)
    0x080057ac   0x00000028   Code   RO          809    .text               c_w.l(_printf_charcount.o)
    0x080057d4   0x0000041a   Code   RO          811    .text               c_w.l(_printf_fp_dec.o)
    0x08005bee   0x00000002   PAD
    0x08005bf0   0x00000030   Code   RO          813    .text               c_w.l(_printf_char_common.o)
    0x08005c20   0x0000000a   Code   RO          815    .text               c_w.l(_sputc.o)
    0x08005c2a   0x0000002c   Code   RO          817    .text               c_w.l(_printf_char.o)
    0x08005c56   0x00000002   PAD
    0x08005c58   0x00000024   Code   RO          819    .text               c_w.l(_printf_char_file.o)
    0x08005c7c   0x000000bc   Code   RO          821    .text               c_w.l(_printf_wctomb.o)
    0x08005d38   0x0000007c   Code   RO          824    .text               c_w.l(_printf_longlong_dec.o)
    0x08005db4   0x00000070   Code   RO          830    .text               c_w.l(_printf_oct_int_ll.o)
    0x08005e24   0x00000094   Code   RO          850    .text               c_w.l(_printf_hex_int_ll_ptr.o)
    0x08005eb8   0x00000008   Code   RO          983    .text               c_w.l(rt_locale_intlibspace.o)
    0x08005ec0   0x00000008   Code   RO          988    .text               c_w.l(rt_errno_addr_intlibspace.o)
    0x08005ec8   0x0000008a   Code   RO          990    .text               c_w.l(lludiv10.o)
    0x08005f52   0x00000002   PAD
    0x08005f54   0x000002fc   Code   RO          992    .text               c_w.l(_printf_fp_hex.o)
    0x08006250   0x00000080   Code   RO          995    .text               c_w.l(_printf_fp_infnan.o)
    0x080062d0   0x0000002c   Code   RO          999    .text               c_w.l(_printf_wchar.o)
    0x080062fc   0x000000dc   Code   RO         1001    .text               c_w.l(bigflt0.o)
    0x080063d8   0x00000008   Code   RO         1026    .text               c_w.l(ferror.o)
    0x080063e0   0x00000040   Code   RO         1030    .text               c_w.l(_wcrtomb.o)
    0x08006420   0x00000008   Code   RO         1047    .text               c_w.l(libspace.o)
    0x08006428   0x0000004a   Code   RO         1050    .text               c_w.l(sys_stackheap_outer.o)
    0x08006472   0x00000002   PAD
    0x08006474   0x00000010   Code   RO         1052    .text               c_w.l(rt_ctype_table.o)
    0x08006484   0x0000000c   Code   RO         1054    .text               c_w.l(exit.o)
    0x08006490   0x00000080   Code   RO         1056    .text               c_w.l(strcmpv7m.o)
    0x08006510   0x0000003e   Code   RO         1004    CL$$btod_d2e        c_w.l(btod.o)
    0x0800654e   0x00000046   Code   RO         1006    CL$$btod_d2e_denorm_low  c_w.l(btod.o)
    0x08006594   0x00000060   Code   RO         1005    CL$$btod_d2e_norm_op1  c_w.l(btod.o)
    0x080065f4   0x00000338   Code   RO         1014    CL$$btod_div_common  c_w.l(btod.o)
    0x0800692c   0x000000c6   Code   RO         1011    CL$$btod_e2e        c_w.l(btod.o)
    0x080069f2   0x00000028   Code   RO         1008    CL$$btod_ediv       c_w.l(btod.o)
    0x08006a1a   0x00000028   Code   RO         1007    CL$$btod_emul       c_w.l(btod.o)
    0x08006a42   0x00000244   Code   RO         1013    CL$$btod_mult_common  c_w.l(btod.o)
    0x08006c86   0x00000028   Code   RO         1043    i.__ARM_fpclassify  m_ws.l(fpclassify.o)
    0x08006cae   0x00000002   PAD
    0x08006cb0   0x00000388   Code   RO          954    i.__ieee754_rem_pio2  m_ws.l(rred.o)
    0x08007038   0x000000fc   Code   RO          937    i.__kernel_cos      m_ws.l(cos_i.o)
    0x08007134   0x000000aa   Code   RO         1045    i.__kernel_poly     m_ws.l(poly.o)
    0x080071de   0x00000002   PAD
    0x080071e0   0x000000ec   Code   RO          959    i.__kernel_sin      m_ws.l(sin_i.o)
    0x080072cc   0x00000006   Code   RO          941    i.__mathlib_dbl_infnan  m_ws.l(dunder.o)
    0x080072d2   0x0000000c   Code   RO          943    i.__mathlib_dbl_invalid  m_ws.l(dunder.o)
    0x080072de   0x00000002   PAD
    0x080072e0   0x00000010   Code   RO          946    i.__mathlib_dbl_underflow  m_ws.l(dunder.o)
    0x080072f0   0x0000000e   Code   RO          693    i._is_digit         c_w.l(__printf_wp.o)
    0x080072fe   0x00000002   PAD
    0x08007300   0x0000009c   Code   RO          783    i.cos               m_ws.l(cos.o)
    0x0800739c   0x000000a0   Code   RO          791    i.sin               m_ws.l(sin.o)
    0x0800743c   0x0000002c   Code   RO         1033    locale$$code        c_w.l(lc_numeric_c.o)
    0x08007468   0x0000002c   Code   RO         1077    locale$$code        c_w.l(lc_ctype_c.o)
    0x08007494   0x00000062   Code   RO          718    x$fpl$d2f           fz_ws.l(d2f.o)
    0x080074f6   0x00000002   PAD
    0x080074f8   0x00000150   Code   RO          720    x$fpl$dadd          fz_ws.l(daddsub_clz.o)
    0x08007648   0x00000010   Code   RO         1068    x$fpl$dcheck1       fz_ws.l(dcheck1.o)
    0x08007658   0x00000018   Code   RO          918    x$fpl$dcmpinf       fz_ws.l(dcmpi.o)
    0x08007670   0x000002b0   Code   RO          727    x$fpl$ddiv          fz_ws.l(ddiv.o)
    0x08007920   0x0000005e   Code   RO          730    x$fpl$dfix          fz_ws.l(dfix.o)
    0x0800797e   0x0000002e   Code   RO          735    x$fpl$dflt          fz_ws.l(dflt_clz.o)
    0x080079ac   0x00000026   Code   RO          734    x$fpl$dfltu         fz_ws.l(dflt_clz.o)
    0x080079d2   0x00000002   PAD
    0x080079d4   0x00000078   Code   RO          740    x$fpl$dleqf         fz_ws.l(dleqf.o)
    0x08007a4c   0x00000154   Code   RO          742    x$fpl$dmul          fz_ws.l(dmul.o)
    0x08007ba0   0x0000009c   Code   RO          920    x$fpl$dnaninf       fz_ws.l(dnaninf.o)
    0x08007c3c   0x0000000c   Code   RO          922    x$fpl$dretinf       fz_ws.l(dretinf.o)
    0x08007c48   0x0000006c   Code   RO          744    x$fpl$drleqf        fz_ws.l(drleqf.o)
    0x08007cb4   0x00000016   Code   RO          721    x$fpl$drsb          fz_ws.l(daddsub_clz.o)
    0x08007cca   0x00000002   PAD
    0x08007ccc   0x000001d4   Code   RO          722    x$fpl$dsub          fz_ws.l(daddsub_clz.o)
    0x08007ea0   0x00000056   Code   RO          746    x$fpl$f2d           fz_ws.l(f2d.o)
    0x08007ef6   0x00000002   PAD
    0x08007ef8   0x000000c4   Code   RO          748    x$fpl$fadd          fz_ws.l(faddsub_clz.o)
    0x08007fbc   0x00000018   Code   RO          924    x$fpl$fcmpinf       fz_ws.l(fcmpi.o)
    0x08007fd4   0x00000184   Code   RO          755    x$fpl$fdiv          fz_ws.l(fdiv.o)
    0x08008158   0x00000068   Code   RO          758    x$fpl$feqf          fz_ws.l(feqf.o)
    0x080081c0   0x00000036   Code   RO          760    x$fpl$ffix          fz_ws.l(ffix.o)
    0x080081f6   0x00000002   PAD
    0x080081f8   0x0000003e   Code   RO          764    x$fpl$ffixu         fz_ws.l(ffixu.o)
    0x08008236   0x00000002   PAD
    0x08008238   0x00000030   Code   RO          769    x$fpl$fflt          fz_ws.l(fflt_clz.o)
    0x08008268   0x00000026   Code   RO          768    x$fpl$ffltu         fz_ws.l(fflt_clz.o)
    0x0800828e   0x00000002   PAD
    0x08008290   0x00000068   Code   RO          774    x$fpl$fleqf         fz_ws.l(fleqf.o)
    0x080082f8   0x00000102   Code   RO          776    x$fpl$fmul          fz_ws.l(fmul.o)
    0x080083fa   0x0000008c   Code   RO          926    x$fpl$fnaninf       fz_ws.l(fnaninf.o)
    0x08008486   0x0000000a   Code   RO          928    x$fpl$fretinf       fz_ws.l(fretinf.o)
    0x08008490   0x00000062   Code   RO          778    x$fpl$frleqf        fz_ws.l(frleqf.o)
    0x080084f2   0x00000014   Code   RO          749    x$fpl$frsb          fz_ws.l(faddsub_clz.o)
    0x08008506   0x00000002   PAD
    0x08008508   0x000000ea   Code   RO          750    x$fpl$fsub          fz_ws.l(faddsub_clz.o)
    0x080085f2   0x00000004   Code   RO          780    x$fpl$printf1       fz_ws.l(printf1.o)
    0x080085f6   0x00000004   Code   RO          930    x$fpl$printf2       fz_ws.l(printf2.o)
    0x080085fa   0x00000064   Code   RO         1083    x$fpl$retnan        fz_ws.l(retnan.o)
    0x0800865e   0x0000005c   Code   RO         1041    x$fpl$scalbn        fz_ws.l(scalbn.o)
    0x080086ba   0x00000030   Code   RO         1099    x$fpl$trapveneer    fz_ws.l(trapv.o)
    0x080086ea   0x00000000   Code   RO          936    x$fpl$usenofp       fz_ws.l(usenofp.o)
    0x080086ea   0x00000002   PAD
    0x080086ec   0x00000004   Data   RO          338    .constdata          timer.o
    0x080086f0   0x00000011   Data   RO          701    .constdata          c_w.l(__printf_flags_ss_wp.o)
    0x08008701   0x00000003   PAD
    0x08008704   0x00000008   Data   RO          822    .constdata          c_w.l(_printf_wctomb.o)
    0x0800870c   0x00000028   Data   RO          851    .constdata          c_w.l(_printf_hex_int_ll_ptr.o)
    0x08008734   0x00000004   PAD
    0x08008738   0x00000030   Data   RO          938    .constdata          m_ws.l(cos_i.o)
    0x08008768   0x000000c8   Data   RO          956    .constdata          m_ws.l(rred.o)
    0x08008830   0x00000028   Data   RO          960    .constdata          m_ws.l(sin_i.o)
    0x08008858   0x00000026   Data   RO          993    .constdata          c_w.l(_printf_fp_hex.o)
    0x0800887e   0x00000002   PAD
    0x08008880   0x00000094   Data   RO         1002    .constdata          c_w.l(bigflt0.o)
    0x08008914   0x00000020   Data   RO         1143    Region$$Table       anon$$obj.o
    0x08008934   0x0000001c   Data   RO         1032    locale$$data        c_w.l(lc_numeric_c.o)
    0x08008950   0x00000110   Data   RO         1076    locale$$data        c_w.l(lc_ctype_c.o)


    Execution Region RW_IRAM1 (Base: 0x20000000, Size: 0x00000ef0, Max: 0x00005000, ABSOLUTE)

    Base Addr    Size         Type   Attr      Idx    E Section Name        Object

    0x20000000   0x00000014   Data   RW          152    .data               system_stm32f10x.o
    0x20000014   0x00000004   PAD
    0x20000018   0x0000001c   Data   RW          310    .data               pwm_capture.o
    0x20000034   0x000000a4   Data   RW          339    .data               timer.o
    0x200000d8   0x00000002   Data   RW          401    .data               dma.o
    0x200000da   0x0000000d   Data   RW          450    .data               power.o
    0x200000e7   0x00000001   PAD
    0x200000e8   0x00000014   Data   RW          466    .data               filter.o
    0x200000fc   0x00000014   Data   RW          530    .data               stm32f10x_rcc.o
    0x20000110   0x00000004   Data   RW          619    .data               delay.o
    0x20000114   0x00000008   Data   RW          646    .data               usart.o
    0x2000011c   0x00000014   Zero   RW          309    .bss                pwm_capture.o
    0x20000130   0x00000090   Zero   RW          337    .bss                timer.o
    0x200001c0   0x000000f4   Zero   RW          400    .bss                dma.o
    0x200002b4   0x00000004   PAD
    0x200002b8   0x00000360   Zero   RW          465    .bss                filter.o
    0x20000618   0x00000190   Zero   RW          645    .bss                usart.o
    0x200007a8   0x000000e4   Zero   RW          709    .bss                c_w.l(rand.o)
    0x2000088c   0x00000060   Zero   RW         1048    .bss                c_w.l(libspace.o)
    0x200008ec   0x00000004   PAD
    0x200008f0   0x00000200   Zero   RW          499    HEAP                startup_stm32f10x_md.o
    0x20000af0   0x00000400   Zero   RW          498    STACK               startup_stm32f10x_md.o


==============================================================================

Image component sizes


      Code (inc. data)   RO Data    RW Data    ZI Data      Debug   Object Name

       232          8          0          0          0      10651   adc.o
         0          0          0          0          0         32   core_cm3.o
       128         10          0          0          0     203983   define_gpio.o
       436         30          0          4          0       1561   delay.o
       216         18          0          2        244       2460   dma.o
       920         92          0         20        864       2433   filter.o
       372         40          0          0          0       1207   hc05.o
       572         44          0          0          0       1922   ina226.o
      1856        318          0          0          0     268371   main.o
       384         78          0          0          0       2111   max6675.o
       220         22          0          0          0       1829   misc.o
       292          0          0          0          0       1912   mpu6050.o
       628         14          0          0          0       1884   myiic.o
       190          0          0          0          0       1533   pid.o
       664         40          0         13          0       1958   power.o
       920         58          0         28         20       2893   pwm_capture.o
        64         26        236          0       1536        808   startup_stm32f10x_md.o
      1102         26          0          0          0      10861   stm32f10x_adc.o
       596          8          0          0          0       4354   stm32f10x_dma.o
       860         38          0          0          0       5673   stm32f10x_gpio.o
        24          0          0          0          0       1114   stm32f10x_it.o
       932         36          0         20          0       8860   stm32f10x_rcc.o
       780         14          0          0          0       6562   stm32f10x_spi.o
      3610         88          0          0          0      22160   stm32f10x_tim.o
      1032         22          0          0          0       8396   stm32f10x_usart.o
        12          0          0          0          0        465   sys.o
       480         38          0         20          0       1811   system_stm32f10x.o
      2360        366          4        164        144       9924   timer.o
       628         34          0          8        400       3840   usart.o
       204         20          0          0          0        804   x9c104.o

    ----------------------------------------------------------------------
     20720       1488        272        284       3212     592372   Object Totals
         0          0         32          0          0          0   (incl. Generated)
         6          0          0          5          4          0   (incl. Padding)

    ----------------------------------------------------------------------

      Code (inc. data)   RO Data    RW Data    ZI Data      Debug   Library Member Name

        24          4          0          0          0         84   __2printf.o
         8          0          0          0          0         68   __main.o
       392          4         17          0          0         92   __printf_flags_ss_wp.o
        14          0          0          0          0         68   __printf_wp.o
         0          0          0          0          0          0   __rtentry.o
        12          0          0          0          0          0   __rtentry2.o
         6          0          0          0          0          0   __rtentry4.o
        52          8          0          0          0          0   __scatter.o
        26          0          0          0          0          0   __scatter_copy.o
        28          0          0          0          0          0   __scatter_zi.o
         6          0          0          0          0          0   _printf_a.o
         6          0          0          0          0          0   _printf_c.o
        44          0          0          0          0        108   _printf_char.o
        48          6          0          0          0         96   _printf_char_common.o
        36          4          0          0          0         80   _printf_char_file.o
        40          0          0          0          0         68   _printf_charcount.o
         6          0          0          0          0          0   _printf_d.o
       120         16          0          0          0         92   _printf_dec.o
         6          0          0          0          0          0   _printf_e.o
         6          0          0          0          0          0   _printf_f.o
      1050          0          0          0          0        216   _printf_fp_dec.o
       764         10         38          0          0        100   _printf_fp_hex.o
       128         16          0          0          0         84   _printf_fp_infnan.o
         6          0          0          0          0          0   _printf_g.o
       148          4         40          0          0        160   _printf_hex_int_ll_ptr.o
         6          0          0          0          0          0   _printf_i.o
       178          0          0          0          0         88   _printf_intcommon.o
        10          0          0          0          0          0   _printf_l.o
         6          0          0          0          0          0   _printf_lc.o
        10          0          0          0          0          0   _printf_ll.o
         6          0          0          0          0          0   _printf_lld.o
         6          0          0          0          0          0   _printf_lli.o
         6          0          0          0          0          0   _printf_llo.o
         6          0          0          0          0          0   _printf_llu.o
         6          0          0          0          0          0   _printf_llx.o
       124         16          0          0          0         92   _printf_longlong_dec.o
         6          0          0          0          0          0   _printf_ls.o
         6          0          0          0          0          0   _printf_n.o
         6          0          0          0          0          0   _printf_o.o
       112          8          0          0          0        124   _printf_oct_int_ll.o
         6          0          0          0          0          0   _printf_p.o
        78          0          0          0          0        108   _printf_pad.o
         0          0          0          0          0          0   _printf_percent.o
         4          0          0          0          0          0   _printf_percent_end.o
         6          0          0          0          0          0   _printf_s.o
        82          0          0          0          0         80   _printf_str.o
        36          0          0          0          0         84   _printf_truncate.o
         6          0          0          0          0          0   _printf_u.o
        44          0          0          0          0        108   _printf_wchar.o
       188          6          8          0          0         92   _printf_wctomb.o
         6          0          0          0          0          0   _printf_x.o
        22          0          0          0          0        100   _rserrno.o
        10          0          0          0          0         68   _sputc.o
        64          0          0          0          0         92   _wcrtomb.o
       220          4        148          0          0         96   bigflt0.o
      1910        128          0          0          0        672   btod.o
        12          0          0          0          0         72   exit.o
         8          0          0          0          0         68   ferror.o
         6          0          0          0          0        152   heapauxi.o
        44         10        272          0          0         76   lc_ctype_c.o
        44         10         28          0          0         76   lc_numeric_c.o
         2          0          0          0          0          0   libinit.o
        34          0          0          0          0          0   libinit2.o
         2          0          0          0          0          0   libshutdown.o
         2          0          0          0          0          0   libshutdown2.o
         8          4          0          0         96         68   libspace.o
       138          0          0          0          0         80   lludiv10.o
       112         18          0          0        228        160   rand.o
        16          4          0          0          0         76   rt_ctype_table.o
         8          4          0          0          0         68   rt_errno_addr_intlibspace.o
         8          4          0          0          0         68   rt_locale_intlibspace.o
         2          0          0          0          0          0   rtexit.o
        10          0          0          0          0          0   rtexit2.o
       128          0          0          0          0         68   strcmpv7m.o
        62          0          0          0          0         76   strlen.o
        74          0          0          0          0         80   sys_stackheap_outer.o
         2          0          0          0          0         68   use_no_semi.o
         2          0          0          0          0         68   use_no_semi_2.o
        36          4          0          0          0         76   vsprintf.o
        98          4          0          0          0         92   d2f.o
       826         16          0          0          0        348   daddsub_clz.o
        16          4          0          0          0         68   dcheck1.o
        24          0          0          0          0         68   dcmpi.o
       688        140          0          0          0        208   ddiv.o
        94          4          0          0          0         92   dfix.o
        84          0          0          0          0        136   dflt_clz.o
       120          4          0          0          0         92   dleqf.o
       340         12          0          0          0        104   dmul.o
       156          4          0          0          0         92   dnaninf.o
        12          0          0          0          0         68   dretinf.o
       108          0          0          0          0         80   drleqf.o
        86          4          0          0          0         84   f2d.o
       450          8          0          0          0        236   faddsub_clz.o
        24          0          0          0          0         68   fcmpi.o
       388         76          0          0          0         96   fdiv.o
       104          4          0          0          0         84   feqf.o
        54          4          0          0          0         84   ffix.o
        62          4          0          0          0         84   ffixu.o
        86          0          0          0          0        136   fflt_clz.o
       104          4          0          0          0         84   fleqf.o
       258          4          0          0          0         84   fmul.o
       140          4          0          0          0         84   fnaninf.o
        10          0          0          0          0         68   fretinf.o
        98          0          0          0          0         68   frleqf.o
         4          0          0          0          0         68   printf1.o
         4          0          0          0          0         68   printf2.o
       100          0          0          0          0         68   retnan.o
        92          0          0          0          0         68   scalbn.o
        48          0          0          0          0         68   trapv.o
         0          0          0          0          0          0   usenofp.o
       156          8          0          0          0        104   cos.o
       252         22         48          0          0        124   cos_i.o
        34          6          0          0          0        204   dunder.o
        40          0          0          0          0         68   fpclassify.o
       170          0          0          0          0         96   poly.o
       904         76        200          0          0        140   rred.o
       160         10          0          0          0        108   sin.o
       236         12         40          0          0        128   sin_i.o

    ----------------------------------------------------------------------
     13584        726        848          0        328       8540   Library Totals
        42          0          9          0          4          0   (incl. Padding)

    ----------------------------------------------------------------------

      Code (inc. data)   RO Data    RW Data    ZI Data      Debug   Library Name

      6912        292        551          0        324       4520   c_w.l
      4678        300          0          0          0       3048   fz_ws.l
      1952        134        288          0          0        972   m_ws.l

    ----------------------------------------------------------------------
     13584        726        848          0        328       8540   Library Totals

    ----------------------------------------------------------------------

==============================================================================


      Code (inc. data)   RO Data    RW Data    ZI Data      Debug   

     34304       2214       1120        284       3540     593732   Grand Totals
     34304       2214       1120        284       3540     593732   ELF Image Totals
     34304       2214       1120        284          0          0   ROM Totals

==============================================================================

    Total RO  Size (Code + RO Data)                35424 (  34.59kB)
    Total RW  Size (RW Data + ZI Data)              3824 (   3.73kB)
    Total ROM Size (Code + RO Data + RW Data)      35708 (  34.87kB)

==============================================================================

